Component: ARM Compiler 5.06 update 4 (build 422) Tool: armlink [4d35d2]

==============================================================================

Section Cross References

    startup_stm32f103xb.o(RESET) refers to startup_stm32f103xb.o(STACK) for __initial_sp
    startup_stm32f103xb.o(RESET) refers to startup_stm32f103xb.o(.text) for Reset_Handler
    startup_stm32f103xb.o(RESET) refers to stm32f1xx_it.o(i.NMI_Handler) for NMI_Handler
    startup_stm32f103xb.o(RESET) refers to stm32f1xx_it.o(i.HardFault_Handler) for HardFault_Handler
    startup_stm32f103xb.o(RESET) refers to stm32f1xx_it.o(i.MemManage_Handler) for MemManage_Handler
    startup_stm32f103xb.o(RESET) refers to stm32f1xx_it.o(i.BusFault_Handler) for BusFault_Handler
    startup_stm32f103xb.o(RESET) refers to stm32f1xx_it.o(i.UsageFault_Handler) for UsageFault_Handler
    startup_stm32f103xb.o(RESET) refers to stm32f1xx_it.o(i.SVC_Handler) for SVC_Handler
    startup_stm32f103xb.o(RESET) refers to stm32f1xx_it.o(i.DebugMon_Handler) for DebugMon_Handler
    startup_stm32f103xb.o(RESET) refers to stm32f1xx_it.o(i.PendSV_Handler) for PendSV_Handler
    startup_stm32f103xb.o(RESET) refers to stm32f1xx_it.o(i.SysTick_Handler) for SysTick_Handler
    startup_stm32f103xb.o(RESET) refers to stm32f1xx_it.o(i.EXTI1_IRQHandler) for EXTI1_IRQHandler
    startup_stm32f103xb.o(RESET) refers to stm32f1xx_it.o(i.ADC1_2_IRQHandler) for ADC1_2_IRQHandler
    startup_stm32f103xb.o(RESET) refers to stm32f1xx_it.o(i.TIM1_UP_IRQHandler) for TIM1_UP_IRQHandler
    startup_stm32f103xb.o(RESET) refers to stm32f1xx_it.o(i.USART1_IRQHandler) for USART1_IRQHandler
    startup_stm32f103xb.o(RESET) refers to stm32f1xx_it.o(i.USART2_IRQHandler) for USART2_IRQHandler
    startup_stm32f103xb.o(.text) refers to system_stm32f1xx.o(i.SystemInit) for SystemInit
    startup_stm32f103xb.o(.text) refers to entry.o(.ARM.Collect$$$$00000000) for __main
    oled.o(i.OLED_Clear) refers to oled.o(i.OLED_Send_Command) for OLED_Send_Command
    oled.o(i.OLED_Clear) refers to oled.o(i.Oled_Write_Data) for Oled_Write_Data
    oled.o(i.OLED_Send_Command) refers to iic.o(i.IIC_Start) for IIC_Start
    oled.o(i.OLED_Send_Command) refers to iic.o(i.IIC_Send_Data) for IIC_Send_Data
    oled.o(i.OLED_Send_Command) refers to iic.o(i.IIC_Stop) for IIC_Stop
    oled.o(i.Oled_Address) refers to oled.o(i.OLED_Send_Command) for OLED_Send_Command
    oled.o(i.Oled_Display_Char) refers to oled.o(i.Oled_Address) for Oled_Address
    oled.o(i.Oled_Display_Char) refers to oled.o(i.Oled_Write_Data) for Oled_Write_Data
    oled.o(i.Oled_Display_Char) refers to font.o(.constdata) for Aciss_8X16
    oled.o(i.Oled_Display_Pic) refers to oled.o(i.Oled_Address) for Oled_Address
    oled.o(i.Oled_Display_Pic) refers to oled.o(i.Oled_Write_Data) for Oled_Write_Data
    oled.o(i.Oled_Display_String) refers to oled.o(i.Oled_Display_Char) for Oled_Display_Char
    oled.o(i.Oled_Init) refers to iic.o(i.IIC_Pin_Init) for IIC_Pin_Init
    oled.o(i.Oled_Init) refers to oled.o(i.OLED_Send_Command) for OLED_Send_Command
    oled.o(i.Oled_Init) refers to oled.o(i.OLED_Clear) for OLED_Clear
    oled.o(i.Oled_Write_Data) refers to iic.o(i.IIC_Start) for IIC_Start
    oled.o(i.Oled_Write_Data) refers to iic.o(i.IIC_Send_Data) for IIC_Send_Data
    oled.o(i.Oled_Write_Data) refers to iic.o(i.IIC_Stop) for IIC_Stop
    iic.o(i.IIC_Pin_Init) refers to stm32f1xx_hal_gpio.o(i.HAL_GPIO_Init) for HAL_GPIO_Init
    iic.o(i.IIC_Read_Data) refers to main.o(i.delay_us) for delay_us
    iic.o(i.IIC_Read_Data) refers to iic.o(i.IIC_Send_Ack) for IIC_Send_Ack
    iic.o(i.IIC_Reception_Ack) refers to main.o(i.delay_us) for delay_us
    iic.o(i.IIC_Send_Ack) refers to main.o(i.delay_us) for delay_us
    iic.o(i.IIC_Send_Data) refers to main.o(i.delay_us) for delay_us
    iic.o(i.IIC_Send_Data) refers to iic.o(i.IIC_Reception_Ack) for IIC_Reception_Ack
    iic.o(i.IIC_Start) refers to main.o(i.delay_us) for delay_us
    iic.o(i.IIC_Stop) refers to main.o(i.delay_us) for delay_us
    main.o(i.HAL_ADC_ConvCpltCallback) refers to stm32f1xx_hal_adc.o(i.HAL_ADC_GetValue) for HAL_ADC_GetValue
    main.o(i.HAL_ADC_ConvCpltCallback) refers to memcpya.o(.text) for __aeabi_memcpy4
    main.o(i.HAL_ADC_ConvCpltCallback) refers to printfa.o(i.__0printf) for __2printf
    main.o(i.HAL_ADC_ConvCpltCallback) refers to stm32f1xx_hal_adc.o(i.HAL_ADC_Start_IT) for HAL_ADC_Start_IT
    main.o(i.HAL_ADC_ConvCpltCallback) refers to main.o(.data) for .data
    main.o(i.HAL_ADC_ConvCpltCallback) refers to adc.o(.bss) for hadc1
    main.o(i.HAL_ADC_ConvCpltCallback) refers to usart.o(.bss) for huart1
    main.o(i.HAL_ADC_ConvCpltCallback) refers to main.o(.bss) for .bss
    main.o(i.HAL_GPIO_EXTI_Callback) refers to main.o(i.add_delta_time) for add_delta_time
    main.o(i.HAL_GPIO_EXTI_Callback) refers to main.o(.data) for .data
    main.o(i.HAL_TIM_PeriodElapsedCallback) refers to main.o(.data) for .data
[...]
    Removing stm32f1xx_hal_tim.o(i.HAL_TIM_OC_MspDeInit), (2 bytes).
    Removing stm32f1xx_hal_tim.o(i.HAL_TIM_OC_MspInit), (2 bytes).
    Removing stm32f1xx_hal_tim.o(i.HAL_TIM_OC_Start), (156 bytes).
    Removing stm32f1xx_hal_tim.o(i.HAL_TIM_OC_Start_DMA), (404 bytes).
    Removing stm32f1xx_hal_tim.o(i.HAL_TIM_OC_Start_IT), (200 bytes).
    Removing stm32f1xx_hal_tim.o(i.HAL_TIM_OC_Stop), (112 bytes).
    Removing stm32f1xx_hal_tim.o(i.HAL_TIM_OC_Stop_DMA), (196 bytes).
    Removing stm32f1xx_hal_tim.o(i.HAL_TIM_OC_Stop_IT), (176 bytes).
    Removing stm32f1xx_hal_tim.o(i.HAL_TIM_OnePulse_ConfigChannel), (230 bytes).
    Removing stm32f1xx_hal_tim.o(i.HAL_TIM_OnePulse_DeInit), (76 bytes).
    Removing stm32f1xx_hal_tim.o(i.HAL_TIM_OnePulse_GetState), (6 bytes).
    Removing stm32f1xx_hal_tim.o(i.HAL_TIM_OnePulse_Init), (86 bytes).
    Removing stm32f1xx_hal_tim.o(i.HAL_TIM_OnePulse_MspDeInit), (2 bytes).
    Removing stm32f1xx_hal_tim.o(i.HAL_TIM_OnePulse_MspInit), (2 bytes).
    Removing stm32f1xx_hal_tim.o(i.HAL_TIM_OnePulse_Start), (104 bytes).
    Removing stm32f1xx_hal_tim.o(i.HAL_TIM_OnePulse_Start_IT), (124 bytes).
    Removing stm32f1xx_hal_tim.o(i.HAL_TIM_OnePulse_Stop), (100 bytes).
    Removing stm32f1xx_hal_tim.o(i.HAL_TIM_OnePulse_Stop_IT), (120 bytes).
    Removing stm32f1xx_hal_tim.o(i.HAL_TIM_PWM_ConfigChannel), (204 bytes).
    Removing stm32f1xx_hal_tim.o(i.HAL_TIM_PWM_DeInit), (92 bytes).
    Removing stm32f1xx_hal_tim.o(i.HAL_TIM_PWM_GetState), (6 bytes).
    Removing stm32f1xx_hal_tim.o(i.HAL_TIM_PWM_Init), (90 bytes).
    Removing stm32f1xx_hal_tim.o(i.HAL_TIM_PWM_MspDeInit), (2 bytes).
    Removing stm32f1xx_hal_tim.o(i.HAL_TIM_PWM_MspInit), (2 bytes).
    Removing stm32f1xx_hal_tim.o(i.HAL_TIM_PWM_PulseFinishedHalfCpltCallback), (2 bytes).
    Removing stm32f1xx_hal_tim.o(i.HAL_TIM_PWM_Start), (156 bytes).
    Removing stm32f1xx_hal_tim.o(i.HAL_TIM_PWM_Start_DMA), (404 bytes).
    Removing stm32f1xx_hal_tim.o(i.HAL_TIM_PWM_Start_IT), (200 bytes).
    Removing stm32f1xx_hal_tim.o(i.HAL_TIM_PWM_Stop), (112 bytes).
    Removing stm32f1xx_hal_tim.o(i.HAL_TIM_PWM_Stop_DMA), (196 bytes).
    Removing stm32f1xx_hal_tim.o(i.HAL_TIM_PWM_Stop_IT), (176 bytes).
    Removing stm32f1xx_hal_tim.o(i.HAL_TIM_PeriodElapsedCallback), (2 bytes).
    Removing stm32f1xx_hal_tim.o(i.HAL_TIM_PeriodElapsedHalfCpltCallback), (2 bytes).
    Removing stm32f1xx_hal_tim.o(i.HAL_TIM_ReadCapturedValue), (42 bytes).
    Removing stm32f1xx_hal_tim.o(i.HAL_TIM_SlaveConfigSynchro), (86 bytes).
    Removing stm32f1xx_hal_tim.o(i.HAL_TIM_SlaveConfigSynchro_IT), (86 bytes).
    Removing stm32f1xx_hal_tim.o(i.HAL_TIM_TriggerHalfCpltCallback), (2 bytes).
    Removing stm32f1xx_hal_tim.o(i.TIM_CCxChannelCmd), (26 bytes).
    Removing stm32f1xx_hal_tim.o(i.TIM_DMACaptureCplt), (110 bytes).
    Removing stm32f1xx_hal_tim.o(i.TIM_DMACaptureHalfCplt), (56 bytes).
    Removing stm32f1xx_hal_tim.o(i.TIM_DMADelayPulseCplt), (94 bytes).
    Removing stm32f1xx_hal_tim.o(i.TIM_DMADelayPulseHalfCplt), (56 bytes).
    Removing stm32f1xx_hal_tim.o(i.TIM_DMAError), (84 bytes).
    Removing stm32f1xx_hal_tim.o(i.TIM_DMAPeriodElapsedCplt), (22 bytes).
    Removing stm32f1xx_hal_tim.o(i.TIM_DMAPeriodElapsedHalfCplt), (10 bytes).
    Removing stm32f1xx_hal_tim.o(i.TIM_DMATriggerCplt), (22 bytes).
    Removing stm32f1xx_hal_tim.o(i.TIM_DMATriggerHalfCplt), (10 bytes).
    Removing stm32f1xx_hal_tim.o(i.TIM_OC1_SetConfig), (80 bytes).
    Removing stm32f1xx_hal_tim.o(i.TIM_OC2_SetConfig), (88 bytes).
    Removing stm32f1xx_hal_tim.o(i.TIM_OC3_SetConfig), (88 bytes).
    Removing stm32f1xx_hal_tim.o(i.TIM_OC4_SetConfig), (68 bytes).
    Removing stm32f1xx_hal_tim.o(i.TIM_SlaveTimer_SetConfig), (140 bytes).
    Removing stm32f1xx_hal_tim.o(i.TIM_TI1_SetConfig), (88 bytes).
    Removing stm32f1xx_hal_tim.o(i.TIM_TI2_SetConfig), (54 bytes).
    Removing stm32f1xx_hal_tim_ex.o(.rev16_text), (4 bytes).
    Removing stm32f1xx_hal_tim_ex.o(.revsh_text), (4 bytes).
    Removing stm32f1xx_hal_tim_ex.o(.rrx_text), (6 bytes).
    Removing stm32f1xx_hal_tim_ex.o(i.HAL_TIMEx_CommutHalfCpltCallback), (2 bytes).
    Removing stm32f1xx_hal_tim_ex.o(i.HAL_TIMEx_ConfigBreakDeadTime), (84 bytes).
    Removing stm32f1xx_hal_tim_ex.o(i.HAL_TIMEx_ConfigCommutEvent), (112 bytes).
    Removing stm32f1xx_hal_tim_ex.o(i.HAL_TIMEx_ConfigCommutEvent_DMA), (144 bytes).
    Removing stm32f1xx_hal_tim_ex.o(i.HAL_TIMEx_ConfigCommutEvent_IT), (112 bytes).
    Removing stm32f1xx_hal_tim_ex.o(i.HAL_TIMEx_GetChannelNState), (34 bytes).
    Removing stm32f1xx_hal_tim_ex.o(i.HAL_TIMEx_HallSensor_DeInit), (76 bytes).
    Removing stm32f1xx_hal_tim_ex.o(i.HAL_TIMEx_HallSensor_GetState), (6 bytes).
    Removing stm32f1xx_hal_tim_ex.o(i.HAL_TIMEx_HallSensor_Init), (208 bytes).
    Removing stm32f1xx_hal_tim_ex.o(i.HAL_TIMEx_HallSensor_MspDeInit), (2 bytes).
    Removing stm32f1xx_hal_tim_ex.o(i.HAL_TIMEx_HallSensor_MspInit), (2 bytes).
    Removing stm32f1xx_hal_tim_ex.o(i.HAL_TIMEx_HallSensor_Start), (128 bytes).
    Removing stm32f1xx_hal_tim_ex.o(i.HAL_TIMEx_HallSensor_Start_DMA), (184 bytes).
    Removing stm32f1xx_hal_tim_ex.o(i.HAL_TIMEx_HallSensor_Start_IT), (140 bytes).
    Removing stm32f1xx_hal_tim_ex.o(i.HAL_TIMEx_HallSensor_Stop), (58 bytes).
    Removing stm32f1xx_hal_tim_ex.o(i.HAL_TIMEx_HallSensor_Stop_DMA), (70 bytes).
    Removing stm32f1xx_hal_tim_ex.o(i.HAL_TIMEx_HallSensor_Stop_IT), (68 bytes).
    Removing stm32f1xx_hal_tim_ex.o(i.HAL_TIMEx_OCN_Start), (152 bytes).
    Removing stm32f1xx_hal_tim_ex.o(i.HAL_TIMEx_OCN_Start_DMA), (352 bytes).
    Removing stm32f1xx_hal_tim_ex.o(i.HAL_TIMEx_OCN_Start_IT), (192 bytes).
    Removing stm32f1xx_hal_tim_ex.o(i.HAL_TIMEx_OCN_Stop), (104 bytes).
    Removing stm32f1xx_hal_tim_ex.o(i.HAL_TIMEx_OCN_Stop_DMA), (168 bytes).
    Removing stm32f1xx_hal_tim_ex.o(i.HAL_TIMEx_OCN_Stop_IT), (170 bytes).
    Removing stm32f1xx_hal_tim_ex.o(i.HAL_TIMEx_OnePulseN_Start), (100 bytes).
    Removing stm32f1xx_hal_tim_ex.o(i.HAL_TIMEx_OnePulseN_Start_IT), (120 bytes).
    Removing stm32f1xx_hal_tim_ex.o(i.HAL_TIMEx_OnePulseN_Stop), (98 bytes).
    Removing stm32f1xx_hal_tim_ex.o(i.HAL_TIMEx_OnePulseN_Stop_IT), (120 bytes).
    Removing stm32f1xx_hal_tim_ex.o(i.HAL_TIMEx_PWMN_Start), (152 bytes).
    Removing stm32f1xx_hal_tim_ex.o(i.HAL_TIMEx_PWMN_Start_DMA), (352 bytes).
    Removing stm32f1xx_hal_tim_ex.o(i.HAL_TIMEx_PWMN_Start_IT), (192 bytes).
    Removing stm32f1xx_hal_tim_ex.o(i.HAL_TIMEx_PWMN_Stop), (104 bytes).
    Removing stm32f1xx_hal_tim_ex.o(i.HAL_TIMEx_PWMN_Stop_DMA), (168 bytes).
    Removing stm32f1xx_hal_tim_ex.o(i.HAL_TIMEx_PWMN_Stop_IT), (170 bytes).
    Removing stm32f1xx_hal_tim_ex.o(i.HAL_TIMEx_RemapConfig), (4 bytes).
    Removing stm32f1xx_hal_tim_ex.o(i.TIMEx_DMACommutationCplt), (16 bytes).
    Removing stm32f1xx_hal_tim_ex.o(i.TIMEx_DMACommutationHalfCplt), (16 bytes).
    Removing stm32f1xx_hal_tim_ex.o(i.TIM_CCxNChannelCmd), (26 bytes).
    Removing stm32f1xx_hal_tim_ex.o(i.TIM_DMADelayPulseNCplt), (94 bytes).
    Removing stm32f1xx_hal_tim_ex.o(i.TIM_DMAErrorCCxN), (62 bytes).
    Removing stm32f1xx_hal_uart.o(.rev16_text), (4 bytes).
    Removing stm32f1xx_hal_uart.o(.revsh_text), (4 bytes).
    Removing stm32f1xx_hal_uart.o(.rrx_text), (6 bytes).
    Removing stm32f1xx_hal_uart.o(i.HAL_HalfDuplex_EnableReceiver), (50 bytes).
    Removing stm32f1xx_hal_uart.o(i.HAL_HalfDuplex_EnableTransmitter), (50 bytes).
    Removing stm32f1xx_hal_uart.o(i.HAL_HalfDuplex_Init), (110 bytes).
    Removing stm32f1xx_hal_uart.o(i.HAL_LIN_Init), (130 bytes).
    Removing stm32f1xx_hal_uart.o(i.HAL_LIN_SendBreak), (60 bytes).
    Removing stm32f1xx_hal_uart.o(i.HAL_MultiProcessor_EnterMuteMode), (62 bytes).
    Removing stm32f1xx_hal_uart.o(i.HAL_MultiProcessor_ExitMuteMode), (62 bytes).
    Removing stm32f1xx_hal_uart.o(i.HAL_MultiProcessor_Init), (144 bytes).
    Removing stm32f1xx_hal_uart.o(i.HAL_UARTEx_GetRxEventType), (4 bytes).
    Removing stm32f1xx_hal_uart.o(i.HAL_UARTEx_ReceiveToIdle), (240 bytes).
    Removing stm32f1xx_hal_uart.o(i.HAL_UARTEx_ReceiveToIdle_DMA), (78 bytes).
    Removing stm32f1xx_hal_uart.o(i.HAL_UARTEx_ReceiveToIdle_IT), (78 bytes).
    Removing stm32f1xx_hal_uart.o(i.HAL_UART_Abort), (210 bytes).
    Removing stm32f1xx_hal_uart.o(i.HAL_UART_AbortCpltCallback), (2 bytes).
    Removing stm32f1xx_hal_uart.o(i.HAL_UART_AbortReceive), (148 bytes).
    Removing stm32f1xx_hal_uart.o(i.HAL_UART_AbortReceiveCpltCallback), (2 bytes).
    Removing stm32f1xx_hal_uart.o(i.HAL_UART_AbortReceive_IT), (152 bytes).
    Removing stm32f1xx_hal_uart.o(i.HAL_UART_AbortTransmit), (98 bytes).
    Removing stm32f1xx_hal_uart.o(i.HAL_UART_AbortTransmitCpltCallback), (2 bytes).
    Removing stm32f1xx_hal_uart.o(i.HAL_UART_AbortTransmit_IT), (104 bytes).
    Removing stm32f1xx_hal_uart.o(i.HAL_UART_Abort_IT), (244 bytes).
    Removing stm32f1xx_hal_uart.o(i.HAL_UART_DMAPause), (120 bytes).
    Removing stm32f1xx_hal_uart.o(i.HAL_UART_DMAResume), (114 bytes).
    Removing stm32f1xx_hal_uart.o(i.HAL_UART_DMAStop), (112 bytes).
    Removing stm32f1xx_hal_uart.o(i.HAL_UART_DeInit), (54 bytes).
    Removing stm32f1xx_hal_uart.o(i.HAL_UART_GetError), (4 bytes).
    Removing stm32f1xx_hal_uart.o(i.HAL_UART_GetState), (10 bytes).
    Removing stm32f1xx_hal_uart.o(i.HAL_UART_MspDeInit), (2 bytes).
    Removing stm32f1xx_hal_uart.o(i.HAL_UART_MspInit), (2 bytes).
    Removing stm32f1xx_hal_uart.o(i.HAL_UART_Receive), (172 bytes).
    Removing stm32f1xx_hal_uart.o(i.HAL_UART_Receive_DMA), (28 bytes).
    Removing stm32f1xx_hal_uart.o(i.HAL_UART_Receive_IT), (28 bytes).
    Removing stm32f1xx_hal_uart.o(i.HAL_UART_RxHalfCpltCallback), (2 bytes).
    Removing stm32f1xx_hal_uart.o(i.HAL_UART_Transmit_DMA), (120 bytes).
    Removing stm32f1xx_hal_uart.o(i.HAL_UART_Transmit_IT), (50 bytes).
    Removing stm32f1xx_hal_uart.o(i.HAL_UART_TxHalfCpltCallback), (2 bytes).
    Removing stm32f1xx_hal_uart.o(i.UART_DMAError), (74 bytes).
    Removing stm32f1xx_hal_uart.o(i.UART_DMAReceiveCplt), (134 bytes).
    Removing stm32f1xx_hal_uart.o(i.UART_DMARxAbortCallback), (44 bytes).
    Removing stm32f1xx_hal_uart.o(i.UART_DMARxHalfCplt), (30 bytes).
    Removing stm32f1xx_hal_uart.o(i.UART_DMARxOnlyAbortCallback), (22 bytes).
    Removing stm32f1xx_hal_uart.o(i.UART_DMATransmitCplt), (66 bytes).
    Removing stm32f1xx_hal_uart.o(i.UART_DMATxAbortCallback), (44 bytes).
    Removing stm32f1xx_hal_uart.o(i.UART_DMATxHalfCplt), (10 bytes).
    Removing stm32f1xx_hal_uart.o(i.UART_DMATxOnlyAbortCallback), (20 bytes).
    Removing stm32f1xx_hal_uart.o(i.UART_EndTxTransfer), (28 bytes).
    Removing stm32f1xx_hal_uart.o(i.UART_Start_Receive_DMA), (144 bytes).
    Removing stm32f1xx_hal_uart.o(i.UART_Start_Receive_IT), (54 bytes).
    Removing system_stm32f1xx.o(.rev16_text), (4 bytes).
    Removing system_stm32f1xx.o(.revsh_text), (4 bytes).
    Removing system_stm32f1xx.o(.rrx_text), (6 bytes).
    Removing system_stm32f1xx.o(i.SystemCoreClockUpdate), (104 bytes).

426 unused section(s) (total 28904 bytes) removed from the image.

==============================================================================

Image Symbol Table

    Local Symbols

    Symbol Name                              Value     Ov Type        Size  Object(Section)

    ../Core/Src/adc.c                        0x00000000   Number         0  adc.o ABSOLUTE
    ../Core/Src/gpio.c                       0x00000000   Number         0  gpio.o ABSOLUTE
    ../Core/Src/main.c                       0x00000000   Number         0  main.o ABSOLUTE
    ../Core/Src/stm32f1xx_hal_msp.c          0x00000000   Number         0  stm32f1xx_hal_msp.o ABSOLUTE
    ../Core/Src/stm32f1xx_it.c               0x00000000   Number         0  stm32f1xx_it.o ABSOLUTE
    ../Core/Src/system_stm32f1xx.c           0x00000000   Number         0  system_stm32f1xx.o ABSOLUTE
    ../Core/Src/tim.c                        0x00000000   Number         0  tim.o ABSOLUTE
    ../Core/Src/usart.c                      0x00000000   Number         0  usart.o ABSOLUTE
    ../Drivers/STM32F1xx_HAL_Driver/Src/stm32f1xx_hal.c 0x00000000   Number         0  stm32f1xx_hal.o ABSOLUTE
    ../Drivers/STM32F1xx_HAL_Driver/Src/stm32f1xx_hal_adc.c 0x00000000   Number         0  stm32f1xx_hal_adc.o ABSOLUTE
    ../Drivers/STM32F1xx_HAL_Driver/Src/stm32f1xx_hal_adc_ex.c 0x00000000   Number         0  stm32f1xx_hal_adc_ex.o ABSOLUTE
    ../Drivers/STM32F1xx_HAL_Driver/Src/stm32f1xx_hal_cortex.c 0x00000000   Number         0  stm32f1xx_hal_cortex.o ABSOLUTE
    ../Drivers/STM32F1xx_HAL_Driver/Src/stm32f1xx_hal_dma.c 0x00000000   Number         0  stm32f1xx_hal_dma.o ABSOLUTE
    ../Drivers/STM32F1xx_HAL_Driver/Src/stm32f1xx_hal_exti.c 0x00000000   Number         0  stm32f1xx_hal_exti.o ABSOLUTE
    ../Drivers/STM32F1xx_HAL_Driver/Src/stm32f1xx_hal_flash.c 0x00000000   Number         0  stm32f1xx_hal_flash.o ABSOLUTE
    ../Drivers/STM32F1xx_HAL_Driver/Src/stm32f1xx_hal_flash_ex.c 0x00000000   Number         0  stm32f1xx_hal_flash_ex.o ABSOLUTE
    ../Drivers/STM32F1xx_HAL_Driver/Src/stm32f1xx_hal_gpio.c 0x00000000   Number         0  stm32f1xx_hal_gpio.o ABSOLUTE
    ../Drivers/STM32F1xx_HAL_Driver/Src/stm32f1xx_hal_gpio_ex.c 0x00000000   Number         0  stm32f1xx_hal_gpio_ex.o ABSOLUTE
    ../Drivers/STM32F1xx_HAL_Driver/Src/stm32f1xx_hal_pwr.c 0x00000000   Number         0  stm32f1xx_hal_pwr.o ABSOLUTE
    ../Drivers/STM32F1xx_HAL_Driver/Src/stm32f1xx_hal_rcc.c 0x00000000   Number         0  stm32f1xx_hal_rcc.o ABSOLUTE
    ../Drivers/STM32F1xx_HAL_Driver/Src/stm32f1xx_hal_rcc_ex.c 0x00000000   Number         0  stm32f1xx_hal_rcc_ex.o ABSOLUTE
    ../Drivers/STM32F1xx_HAL_Driver/Src/stm32f1xx_hal_tim.c 0x00000000   Number         0  stm32f1xx_hal_tim.o ABSOLUTE
    ../Drivers/STM32F1xx_HAL_Driver/Src/stm32f1xx_hal_tim_ex.c 0x00000000   Number         0  stm32f1xx_hal_tim_ex.o ABSOLUTE
    ../Drivers/STM32F1xx_HAL_Driver/Src/stm32f1xx_hal_uart.c 0x00000000   Number         0  stm32f1xx_hal_uart.o ABSOLUTE
    ../clib/../cmprslib/zerorunl2.c          0x00000000   Number         0  __dczerorl2.o ABSOLUTE
    ../clib/microlib/division.c              0x00000000   Number         0  uidiv.o ABSOLUTE
    ../clib/microlib/division.c              0x00000000   Number         0  uldiv.o ABSOLUTE
    ../clib/microlib/init/entry.s            0x00000000   Number         0  entry8b.o ABSOLUTE
    ../clib/microlib/init/entry.s            0x00000000   Number         0  entry11a.o ABSOLUTE
    ../clib/microlib/init/entry.s            0x00000000   Number         0  entry.o ABSOLUTE
    ../clib/microlib/init/entry.s            0x00000000   Number         0  entry10a.o ABSOLUTE
    ../clib/microlib/init/entry.s            0x00000000   Number         0  entry9b.o ABSOLUTE
    ../clib/microlib/init/entry.s            0x00000000   Number         0  entry10b.o ABSOLUTE
    ../clib/microlib/init/entry.s            0x00000000   Number         0  entry8a.o ABSOLUTE
    ../clib/microlib/init/entry.s            0x00000000   Number         0  entry9a.o ABSOLUTE
    ../clib/microlib/init/entry.s            0x00000000   Number         0  entry7b.o ABSOLUTE
    ../clib/microlib/init/entry.s            0x00000000   Number         0  entry7a.o ABSOLUTE
    ../clib/microlib/init/entry.s            0x00000000   Number         0  entry5.o ABSOLUTE
    ../clib/microlib/init/entry.s            0x00000000   Number         0  entry2.o ABSOLUTE
    ../clib/microlib/init/entry.s            0x00000000   Number         0  entry11b.o ABSOLUTE
    ../clib/microlib/longlong.c              0x00000000   Number         0  llsshr.o ABSOLUTE
    ../clib/microlib/longlong.c              0x00000000   Number         0  llshl.o ABSOLUTE
    ../clib/microlib/longlong.c              0x00000000   Number         0  llushr.o ABSOLUTE
    ../clib/microlib/printf/printf.c         0x00000000   Number         0  printf2.o ABSOLUTE
    ../clib/microlib/printf/printf.c         0x00000000   Number         0  printf3.o ABSOLUTE
    ../clib/microlib/printf/printf.c         0x00000000   Number         0  printf4.o ABSOLUTE
    ../clib/microlib/printf/printf.c         0x00000000   Number         0  printfa.o ABSOLUTE
    ../clib/microlib/printf/printf.c         0x00000000   Number         0  printf8.o ABSOLUTE
    ../clib/microlib/printf/printf.c         0x00000000   Number         0  printf7.o ABSOLUTE
    ../clib/microlib/printf/printf.c         0x00000000   Number         0  printf6.o ABSOLUTE
    ../clib/microlib/printf/printf.c         0x00000000   Number         0  printf5.o ABSOLUTE
    ../clib/microlib/printf/printf.c         0x00000000   Number         0  printf1.o ABSOLUTE
    ../clib/microlib/printf/printf.c         0x00000000   Number         0  printf0.o ABSOLUTE
    ../clib/microlib/printf/printf.c         0x00000000   Number         0  printfb.o ABSOLUTE
    ../clib/microlib/printf/stubs.s          0x00000000   Number         0  stubs.o ABSOLUTE
    ../clib/microlib/stdio/streams.c         0x00000000   Number         0  stdout.o ABSOLUTE
    ../clib/microlib/string/memcpy.c         0x00000000   Number         0  memcpyb.o ABSOLUTE
    ../clib/microlib/string/memcpy.c         0x00000000   Number         0  memcpya.o ABSOLUTE
    ../clib/microlib/string/memset.c         0x00000000   Number         0  memseta.o ABSOLUTE
    ../clib/microlib/stubs.s                 0x00000000   Number         0  iusefp.o ABSOLUTE
    ../fplib/microlib/f2d.c                  0x00000000   Number         0  f2d.o ABSOLUTE
    ../fplib/microlib/fpadd.c                0x00000000   Number         0  dadd.o ABSOLUTE
    ../fplib/microlib/fpdiv.c                0x00000000   Number         0  ddiv.o ABSOLUTE
    ../fplib/microlib/fpdiv.c                0x00000000   Number         0  fdiv.o ABSOLUTE
    ../fplib/microlib/fpepilogue.c           0x00000000   Number         0  fepilogue.o ABSOLUTE
    ../fplib/microlib/fpepilogue.c           0x00000000   Number         0  depilogue.o ABSOLUTE
    ../fplib/microlib/fpfix.c                0x00000000   Number         0  dfixui.o ABSOLUTE
    ../fplib/microlib/fpfix.c                0x00000000   Number         0  dfixul.o ABSOLUTE
    ../fplib/microlib/fpflt.c                0x00000000   Number         0  ffltui.o ABSOLUTE
    ../fplib/microlib/fpmul.c                0x00000000   Number         0  dmul.o ABSOLUTE
    ..\Core\Src\adc.c                        0x00000000   Number         0  adc.o ABSOLUTE
    ..\Core\Src\font.c                       0x00000000   Number         0  font.o ABSOLUTE
    ..\Core\Src\gpio.c                       0x00000000   Number         0  gpio.o ABSOLUTE
    ..\Core\Src\iic.c                        0x00000000   Number         0  iic.o ABSOLUTE
    ..\Core\Src\main.c                       0x00000000   Number         0  main.o ABSOLUTE
    ..\Core\Src\oled.c                       0x00000000   Number         0  oled.o ABSOLUTE
    ..\Core\Src\stm32f1xx_hal_msp.c          0x00000000   Number         0  stm32f1xx_hal_msp.o ABSOLUTE
    ..\Core\Src\stm32f1xx_it.c               0x00000000   Number         0  stm32f1xx_it.o ABSOLUTE
    ..\Core\Src\system_stm32f1xx.c           0x00000000   Number         0  system_stm32f1xx.o ABSOLUTE
    ..\Core\Src\tim.c                        0x00000000   Number         0  tim.o ABSOLUTE
    ..\Core\Src\usart.c                      0x00000000   Number         0  usart.o ABSOLUTE
    ..\Drivers\STM32F1xx_HAL_Driver\Src\stm32f1xx_hal.c 0x00000000   Number         0  stm32f1xx_hal.o ABSOLUTE
    ..\Drivers\STM32F1xx_HAL_Driver\Src\stm32f1xx_hal_adc.c 0x00000000   Number         0  stm32f1xx_hal_adc.o ABSOLUTE
    ..\Drivers\STM32F1xx_HAL_Driver\Src\stm32f1xx_hal_adc_ex.c 0x00000000   Number         0  stm32f1xx_hal_adc_ex.o ABSOLUTE
    ..\Drivers\STM32F1xx_HAL_Driver\Src\stm32f1xx_hal_cortex.c 0x00000000   Number         0  stm32f1xx_hal_cortex.o ABSOLUTE
    ..\Drivers\STM32F1xx_HAL_Driver\Src\stm32f1xx_hal_dma.c 0x00000000   Number         0  stm32f1xx_hal_dma.o ABSOLUTE
    ..\Drivers\STM32F1xx_HAL_Driver\Src\stm32f1xx_hal_exti.c 0x00000000   Number         0  stm32f1xx_hal_exti.o ABSOLUTE
    ..\Drivers\STM32F1xx_HAL_Driver\Src\stm32f1xx_hal_flash.c 0x00000000   Number         0  stm32f1xx_hal_flash.o ABSOLUTE
    ..\Drivers\STM32F1xx_HAL_Driver\Src\stm32f1xx_hal_flash_ex.c 0x00000000   Number         0  stm32f1xx_hal_flash_ex.o ABSOLUTE
    ..\Drivers\STM32F1xx_HAL_Driver\Src\stm32f1xx_hal_gpio.c 0x00000000   Number         0  stm32f1xx_hal_gpio.o ABSOLUTE
    ..\Drivers\STM32F1xx_HAL_Driver\Src\stm32f1xx_hal_gpio_ex.c 0x00000000   Number         0  stm32f1xx_hal_gpio_ex.o ABSOLUTE
    ..\Drivers\STM32F1xx_HAL_Driver\Src\stm32f1xx_hal_pwr.c 0x00000000   Number         0  stm32f1xx_hal_pwr.o ABSOLUTE
    ..\Drivers\STM32F1xx_HAL_Driver\Src\stm32f1xx_hal_rcc.c 0x00000000   Number         0  stm32f1xx_hal_rcc.o ABSOLUTE
    ..\Drivers\STM32F1xx_HAL_Driver\Src\stm32f1xx_hal_rcc_ex.c 0x00000000   Number         0  stm32f1xx_hal_rcc_ex.o ABSOLUTE
    ..\Drivers\STM32F1xx_HAL_Driver\Src\stm32f1xx_hal_tim.c 0x00000000   Number         0  stm32f1xx_hal_tim.o ABSOLUTE
    ..\Drivers\STM32F1xx_HAL_Driver\Src\stm32f1xx_hal_tim_ex.c 0x00000000   Number         0  stm32f1xx_hal_tim_ex.o ABSOLUTE
    ..\Drivers\STM32F1xx_HAL_Driver\Src\stm32f1xx_hal_uart.c 0x00000000   Number         0  stm32f1xx_hal_uart.o ABSOLUTE
    ..\\Core\\Src\\font.c                    0x00000000   Number         0  font.o ABSOLUTE
    ..\\Core\\Src\\iic.c                     0x00000000   Number         0  iic.o ABSOLUTE
    ..\\Core\\Src\\oled.c                    0x00000000   Number         0  oled.o ABSOLUTE
    cdcmple.s                                0x00000000   Number         0  cdcmple.o ABSOLUTE
    cdrcmple.s                               0x00000000   Number         0  cdrcmple.o ABSOLUTE
    dc.s                                     0x00000000   Number         0  dc.o ABSOLUTE
    handlers.s                               0x00000000   Number         0  handlers.o ABSOLUTE
    init.s                                   0x00000000   Number         0  init.o ABSOLUTE
    startup_stm32f103xb.s                    0x00000000   Number         0  startup_stm32f103xb.o ABSOLUTE
    RESET                                    0x08000000   Section      236  startup_stm32f103xb.o(RESET)
    .ARM.Collect$$$$00000000                 0x080000ec   Section        0  entry.o(.ARM.Collect$$$$00000000)
    .ARM.Collect$$$$00000001                 0x080000ec   Section        4  entry2.o(.ARM.Collect$$$$00000001)
    .ARM.Collect$$$$00000004                 0x080000f0   Section        4  entry5.o(.ARM.Collect$$$$00000004)
    .ARM.Collect$$$$00000008                 0x080000f4   Section        0  entry7b.o(.ARM.Collect$$$$00000008)
    .ARM.Collect$$$$0000000A                 0x080000f4   Section        0  entry8b.o(.ARM.Collect$$$$0000000A)
    .ARM.Collect$$$$0000000B                 0x080000f4   Section        8  entry9a.o(.ARM.Collect$$$$0000000B)
    .ARM.Collect$$$$0000000D                 0x080000fc   Section        0  entry10a.o(.ARM.Collect$$$$0000000D)
    .ARM.Collect$$$$0000000F                 0x080000fc   Section        0  entry11a.o(.ARM.Collect$$$$0000000F)
    .ARM.Collect$$$$00002712                 0x080000fc   Section        4  entry2.o(.ARM.Collect$$$$00002712)
    __lit__00000000                          0x080000fc   Data           4  entry2.o(.ARM.Collect$$$$00002712)
    .text                                    0x08000100   Section       36  startup_stm32f103xb.o(.text)
    .text                                    0x08000124   Section        0  llushr.o(.text)
    .text                                    0x08000144   Section        0  memcpya.o(.text)
    .text                                    0x08000168   Section        0  memseta.o(.text)
    .text                                    0x0800018c   Section        0  fdiv.o(.text)
    .text                                    0x08000208   Section        0  dmul.o(.text)
    .text                                    0x080002ec   Section        0  ddiv.o(.text)
    .text                                    0x080003ca   Section        0  ffltui.o(.text)
    .text                                    0x080003d4   Section        0  dfixui.o(.text)
    .text                                    0x08000406   Section        0  f2d.o(.text)
    .text                                    0x0800042c   Section       48  cdcmple.o(.text)
    .text                                    0x0800045c   Section       48  cdrcmple.o(.text)
    .text                                    0x0800048c   Section        0  uidiv.o(.text)
    .text                                    0x080004b8   Section        0  uldiv.o(.text)
    .text                                    0x0800051a   Section        0  iusefp.o(.text)
    .text                                    0x0800051a   Section        0  fepilogue.o(.text)
    .text                                    0x08000588   Section        0  depilogue.o(.text)
    .text                                    0x08000642   Section        0  dadd.o(.text)
    .text                                    0x08000790   Section        0  dfixul.o(.text)
    .text                                    0x080007c0   Section       36  init.o(.text)
    .text                                    0x080007e4   Section        0  llshl.o(.text)
    .text                                    0x08000802   Section        0  llsshr.o(.text)
    .text                                    0x08000826   Section        0  __dczerorl2.o(.text)
    i.ADC1_2_IRQHandler                      0x0800087c   Section        0  stm32f1xx_it.o(i.ADC1_2_IRQHandler)
    i.ADC_ConversionStop_Disable             0x08000888   Section        0  stm32f1xx_hal_adc.o(i.ADC_ConversionStop_Disable)
    i.ADC_Enable                             0x080008e0   Section        0  stm32f1xx_hal_adc.o(i.ADC_Enable)
    i.BusFault_Handler                       0x0800095c   Section        0  stm32f1xx_it.o(i.BusFault_Handler)
    i.DebugMon_Handler                       0x0800095e   Section        0  stm32f1xx_it.o(i.DebugMon_Handler)
    i.EXTI1_IRQHandler                       0x08000960   Section        0  stm32f1xx_it.o(i.EXTI1_IRQHandler)
    i.Error_Handler                          0x08000966   Section        0  main.o(i.Error_Handler)
    i.HAL_ADCEx_Calibration_Start            0x0800096c   Section        0  stm32f1xx_hal_adc_ex.o(i.HAL_ADCEx_Calibration_Start)
    i.HAL_ADCEx_InjectedConvCpltCallback     0x08000a44   Section        0  stm32f1xx_hal_adc_ex.o(i.HAL_ADCEx_InjectedConvCpltCallback)
    i.HAL_ADC_ConfigChannel                  0x08000a48   Section        0  stm32f1xx_hal_adc.o(i.HAL_ADC_ConfigChannel)
    i.HAL_ADC_ConvCpltCallback               0x08000b44   Section        0  main.o(i.HAL_ADC_ConvCpltCallback)
    i.HAL_ADC_GetValue                       0x08000bd0   Section        0  stm32f1xx_hal_adc.o(i.HAL_ADC_GetValue)
    i.HAL_ADC_IRQHandler                     0x08000bd6   Section        0  stm32f1xx_hal_adc.o(i.HAL_ADC_IRQHandler)
    i.HAL_ADC_Init                           0x08000cb4   Section        0  stm32f1xx_hal_adc.o(i.HAL_ADC_Init)
    i.HAL_ADC_LevelOutOfWindowCallback       0x08000dd0   Section        0  stm32f1xx_hal_adc.o(i.HAL_ADC_LevelOutOfWindowCallback)
    i.HAL_ADC_MspInit                        0x08000dd4   Section        0  adc.o(i.HAL_ADC_MspInit)
    i.HAL_ADC_Start_IT                       0x08000e3c   Section        0  stm32f1xx_hal_adc.o(i.HAL_ADC_Start_IT)
    i.HAL_DMA_Abort                          0x08000f08   Section        0  stm32f1xx_hal_dma.o(i.HAL_DMA_Abort)
    i.HAL_DMA_Abort_IT                       0x08000f50   Section        0  stm32f1xx_hal_dma.o(i.HAL_DMA_Abort_IT)
    i.HAL_Delay                              0x08000fe8   Section        0  stm32f1xx_hal.o(i.HAL_Delay)
    i.HAL_GPIO_EXTI_Callback                 0x0800100c   Section        0  main.o(i.HAL_GPIO_EXTI_Callback)
    i.HAL_GPIO_EXTI_IRQHandler               0x08001024   Section        0  stm32f1xx_hal_gpio.o(i.HAL_GPIO_EXTI_IRQHandler)
    i.HAL_GPIO_Init                          0x0800103c   Section        0  stm32f1xx_hal_gpio.o(i.HAL_GPIO_Init)
    i.HAL_GPIO_WritePin                      0x0800121c   Section        0  stm32f1xx_hal_gpio.o(i.HAL_GPIO_WritePin)
    i.HAL_GetTick                            0x08001228   Section        0  stm32f1xx_hal.o(i.HAL_GetTick)
    i.HAL_IncTick                            0x08001234   Section        0  stm32f1xx_hal.o(i.HAL_IncTick)
    i.HAL_Init                               0x08001244   Section        0  stm32f1xx_hal.o(i.HAL_Init)
    i.HAL_InitTick                           0x08001268   Section        0  stm32f1xx_hal.o(i.HAL_InitTick)
    i.HAL_MspInit                            0x080012a8   Section        0  stm32f1xx_hal_msp.o(i.HAL_MspInit)
    i.HAL_NVIC_EnableIRQ                     0x080012e4   Section        0  stm32f1xx_hal_cortex.o(i.HAL_NVIC_EnableIRQ)
    i.HAL_NVIC_SetPriority                   0x08001300   Section        0  stm32f1xx_hal_cortex.o(i.HAL_NVIC_SetPriority)
    i.HAL_NVIC_SetPriorityGrouping           0x08001340   Section        0  stm32f1xx_hal_cortex.o(i.HAL_NVIC_SetPriorityGrouping)
    i.HAL_RCCEx_GetPeriphCLKFreq             0x08001364   Section        0  stm32f1xx_hal_rcc_ex.o(i.HAL_RCCEx_GetPeriphCLKFreq)
    i.HAL_RCCEx_PeriphCLKConfig              0x08001408   Section        0  stm32f1xx_hal_rcc_ex.o(i.HAL_RCCEx_PeriphCLKConfig)
    i.HAL_RCC_ClockConfig                    0x080014f4   Section        0  stm32f1xx_hal_rcc.o(i.HAL_RCC_ClockConfig)
    i.HAL_RCC_GetPCLK1Freq                   0x08001620   Section        0  stm32f1xx_hal_rcc.o(i.HAL_RCC_GetPCLK1Freq)
    i.HAL_RCC_GetPCLK2Freq                   0x08001640   Section        0  stm32f1xx_hal_rcc.o(i.HAL_RCC_GetPCLK2Freq)
    i.HAL_RCC_GetSysClockFreq                0x08001660   Section        0  stm32f1xx_hal_rcc.o(i.HAL_RCC_GetSysClockFreq)
    i.HAL_RCC_OscConfig                      0x080016ac   Section        0  stm32f1xx_hal_rcc.o(i.HAL_RCC_OscConfig)
    i.HAL_SYSTICK_Config                     0x080019cc   Section        0  stm32f1xx_hal_cortex.o(i.HAL_SYSTICK_Config)
    i.HAL_TIMEx_BreakCallback                0x080019f4   Section        0  stm32f1xx_hal_tim_ex.o(i.HAL_TIMEx_BreakCallback)
    i.HAL_TIMEx_CommutCallback               0x080019f6   Section        0  stm32f1xx_hal_tim_ex.o(i.HAL_TIMEx_CommutCallback)
    i.HAL_TIMEx_MasterConfigSynchronization  0x080019f8   Section        0  stm32f1xx_hal_tim_ex.o(i.HAL_TIMEx_MasterConfigSynchronization)
    i.HAL_TIM_Base_Init                      0x08001a60   Section        0  stm32f1xx_hal_tim.o(i.HAL_TIM_Base_Init)
    i.HAL_TIM_Base_MspInit                   0x08001abc   Section        0  tim.o(i.HAL_TIM_Base_MspInit)
    i.HAL_TIM_Base_Start_IT                  0x08001b0c   Section        0  stm32f1xx_hal_tim.o(i.HAL_TIM_Base_Start_IT)
    i.HAL_TIM_ConfigClockSource              0x08001b64   Section        0  stm32f1xx_hal_tim.o(i.HAL_TIM_ConfigClockSource)
    i.HAL_TIM_IC_CaptureCallback             0x08001c40   Section        0  stm32f1xx_hal_tim.o(i.HAL_TIM_IC_CaptureCallback)
    i.HAL_TIM_IRQHandler                     0x08001c42   Section        0  stm32f1xx_hal_tim.o(i.HAL_TIM_IRQHandler)
    i.HAL_TIM_OC_DelayElapsedCallback        0x08001da8   Section        0  stm32f1xx_hal_tim.o(i.HAL_TIM_OC_DelayElapsedCallback)
    i.HAL_TIM_PWM_PulseFinishedCallback      0x08001daa   Section        0  stm32f1xx_hal_tim.o(i.HAL_TIM_PWM_PulseFinishedCallback)
    i.HAL_TIM_PeriodElapsedCallback          0x08001dac   Section        0  main.o(i.HAL_TIM_PeriodElapsedCallback)
    i.HAL_TIM_TriggerCallback                0x08001dc8   Section        0  stm32f1xx_hal_tim.o(i.HAL_TIM_TriggerCallback)
    i.HAL_UARTEx_RxEventCallback             0x08001dca   Section        0  stm32f1xx_hal_uart.o(i.HAL_UARTEx_RxEventCallback)
    i.HAL_UART_ErrorCallback                 0x08001dcc   Section        0  stm32f1xx_hal_uart.o(i.HAL_UART_ErrorCallback)
    i.HAL_UART_IRQHandler                    0x08001dd0   Section        0  stm32f1xx_hal_uart.o(i.HAL_UART_IRQHandler)
    i.HAL_UART_Init                          0x0800203c   Section        0  stm32f1xx_hal_uart.o(i.HAL_UART_Init)
    i.HAL_UART_MspInit                       0x080020a0   Section        0  usart.o(i.HAL_UART_MspInit)
    i.HAL_UART_RxCpltCallback                0x08002178   Section        0  stm32f1xx_hal_uart.o(i.HAL_UART_RxCpltCallback)
    i.HAL_UART_Transmit                      0x0800217a   Section        0  stm32f1xx_hal_uart.o(i.HAL_UART_Transmit)
    i.HAL_UART_TxCpltCallback                0x08002214   Section        0  stm32f1xx_hal_uart.o(i.HAL_UART_TxCpltCallback)
    i.HardFault_Handler                      0x08002216   Section        0  stm32f1xx_it.o(i.HardFault_Handler)
    i.IIC_Pin_Init                           0x08002218   Section        0  iic.o(i.IIC_Pin_Init)
    i.IIC_Reception_Ack                      0x08002260   Section        0  iic.o(i.IIC_Reception_Ack)
    i.IIC_Send_Data                          0x08002290   Section        0  iic.o(i.IIC_Send_Data)
    i.IIC_Start                              0x080022e0   Section        0  iic.o(i.IIC_Start)
    i.IIC_Stop                               0x0800230c   Section        0  iic.o(i.IIC_Stop)
    i.MX_ADC1_Init                           0x08002338   Section        0  adc.o(i.MX_ADC1_Init)
    i.MX_GPIO_Init                           0x08002388   Section        0  gpio.o(i.MX_GPIO_Init)
    i.MX_TIM1_Init                           0x0800240c   Section        0  tim.o(i.MX_TIM1_Init)
    i.MX_TIM2_Init                           0x08002474   Section        0  tim.o(i.MX_TIM2_Init)
    i.MX_USART1_UART_Init                    0x080024d8   Section        0  usart.o(i.MX_USART1_UART_Init)
    i.MX_USART2_UART_Init                    0x08002510   Section        0  usart.o(i.MX_USART2_UART_Init)
    i.MemManage_Handler                      0x08002548   Section        0  stm32f1xx_it.o(i.MemManage_Handler)
    i.NMI_Handler                            0x0800254a   Section        0  stm32f1xx_it.o(i.NMI_Handler)
    i.OLED_Clear                             0x0800254c   Section        0  oled.o(i.OLED_Clear)
    i.OLED_Send_Command                      0x08002584   Section        0  oled.o(i.OLED_Send_Command)
    i.Oled_Address                           0x080025a6   Section        0  oled.o(i.Oled_Address)
    i.Oled_Display_Char                      0x080025c8   Section        0  oled.o(i.Oled_Display_Char)
    i.Oled_Display_Pic                       0x08002618   Section        0  oled.o(i.Oled_Display_Pic)
    i.Oled_Display_String                    0x08002660   Section        0  oled.o(i.Oled_Display_String)
    i.Oled_Init                              0x08002680   Section        0  oled.o(i.Oled_Init)
    i.Oled_Write_Data                        0x0800273e   Section        0  oled.o(i.Oled_Write_Data)
    i.PendSV_Handler                         0x08002760   Section        0  stm32f1xx_it.o(i.PendSV_Handler)
    i.SVC_Handler                            0x08002762   Section        0  stm32f1xx_it.o(i.SVC_Handler)
    i.SysTick_Handler                        0x08002764   Section        0  stm32f1xx_it.o(i.SysTick_Handler)
    i.SystemClock_Config                     0x08002768   Section        0  main.o(i.SystemClock_Config)
    i.SystemInit                             0x080027dc   Section        0  system_stm32f1xx.o(i.SystemInit)
    i.TIM1_UP_IRQHandler                     0x080027e0   Section        0  stm32f1xx_it.o(i.TIM1_UP_IRQHandler)
    i.TIM_Base_SetConfig                     0x080027ec   Section        0  stm32f1xx_hal_tim.o(i.TIM_Base_SetConfig)
    i.TIM_ETR_SetConfig                      0x08002858   Section        0  stm32f1xx_hal_tim.o(i.TIM_ETR_SetConfig)
    i.TIM_ITRx_SetConfig                     0x0800286c   Section        0  stm32f1xx_hal_tim.o(i.TIM_ITRx_SetConfig)
    TIM_ITRx_SetConfig                       0x0800286d   Thumb Code    16  stm32f1xx_hal_tim.o(i.TIM_ITRx_SetConfig)
    i.TIM_TI1_ConfigInputStage               0x0800287c   Section        0  stm32f1xx_hal_tim.o(i.TIM_TI1_ConfigInputStage)
    TIM_TI1_ConfigInputStage                 0x0800287d   Thumb Code    34  stm32f1xx_hal_tim.o(i.TIM_TI1_ConfigInputStage)
    i.TIM_TI2_ConfigInputStage               0x0800289e   Section        0  stm32f1xx_hal_tim.o(i.TIM_TI2_ConfigInputStage)
    TIM_TI2_ConfigInputStage                 0x0800289f   Thumb Code    36  stm32f1xx_hal_tim.o(i.TIM_TI2_ConfigInputStage)
    i.UART_DMAAbortOnError                   0x080028c2   Section        0  stm32f1xx_hal_uart.o(i.UART_DMAAbortOnError)
    UART_DMAAbortOnError                     0x080028c3   Thumb Code    16  stm32f1xx_hal_uart.o(i.UART_DMAAbortOnError)
    i.UART_EndRxTransfer                     0x080028d2   Section        0  stm32f1xx_hal_uart.o(i.UART_EndRxTransfer)
    UART_EndRxTransfer                       0x080028d3   Thumb Code    78  stm32f1xx_hal_uart.o(i.UART_EndRxTransfer)
    i.UART_Receive_IT                        0x08002920   Section        0  stm32f1xx_hal_uart.o(i.UART_Receive_IT)
    UART_Receive_IT                          0x08002921   Thumb Code   194  stm32f1xx_hal_uart.o(i.UART_Receive_IT)
    i.UART_SetConfig                         0x080029e4   Section        0  stm32f1xx_hal_uart.o(i.UART_SetConfig)
    UART_SetConfig                           0x080029e5   Thumb Code   178  stm32f1xx_hal_uart.o(i.UART_SetConfig)
    i.UART_WaitOnFlagUntilTimeout            0x08002a9c   Section        0  stm32f1xx_hal_uart.o(i.UART_WaitOnFlagUntilTimeout)
    UART_WaitOnFlagUntilTimeout              0x08002a9d   Thumb Code   120  stm32f1xx_hal_uart.o(i.UART_WaitOnFlagUntilTimeout)
    i.USART1_IRQHandler                      0x08002b14   Section        0  stm32f1xx_it.o(i.USART1_IRQHandler)
    i.USART2_IRQHandler                      0x08002b20   Section        0  stm32f1xx_it.o(i.USART2_IRQHandler)
    i.UsageFault_Handler                     0x08002b2c   Section        0  stm32f1xx_it.o(i.UsageFault_Handler)
    i.__0printf                              0x08002b30   Section        0  printfa.o(i.__0printf)
    i.__NVIC_SetPriority                     0x08002b50   Section        0  stm32f1xx_hal_cortex.o(i.__NVIC_SetPriority)
    __NVIC_SetPriority                       0x08002b51   Thumb Code    32  stm32f1xx_hal_cortex.o(i.__NVIC_SetPriority)
    i.__scatterload_copy                     0x08002b70   Section       14  handlers.o(i.__scatterload_copy)
    i.__scatterload_null                     0x08002b7e   Section        2  handlers.o(i.__scatterload_null)
    i.__scatterload_zeroinit                 0x08002b80   Section       14  handlers.o(i.__scatterload_zeroinit)
    i._fp_digits                             0x08002b90   Section        0  printfa.o(i._fp_digits)
    _fp_digits                               0x08002b91   Thumb Code   366  printfa.o(i._fp_digits)
    i._printf_core                           0x08002d14   Section        0  printfa.o(i._printf_core)
    _printf_core                             0x08002d15   Thumb Code  1744  printfa.o(i._printf_core)
    i._printf_post_padding                   0x080033f0   Section        0  printfa.o(i._printf_post_padding)
    _printf_post_padding                     0x080033f1   Thumb Code    36  printfa.o(i._printf_post_padding)
    i._printf_pre_padding                    0x08003414   Section        0  printfa.o(i._printf_pre_padding)
    _printf_pre_padding                      0x08003415   Thumb Code    46  printfa.o(i._printf_pre_padding)
    i.add_delta_time                         0x08003444   Section        0  main.o(i.add_delta_time)
    i.average                                0x0800347c   Section        0  main.o(i.average)
    i.delay_us                               0x080034ac   Section        0  main.o(i.delay_us)
    i.display                                0x080034e8   Section        0  main.o(i.display)
    i.fputc                                  0x08003544   Section        0  main.o(i.fputc)
    i.get_sphygmus                           0x0800355c   Section        0  main.o(i.get_sphygmus)
    i.main                                   0x080035b8   Section        0  main.o(i.main)
    i.to_string                              0x08003670   Section        0  main.o(i.to_string)
    .constdata                               0x0800370c   Section     1520  font.o(.constdata)
    .constdata                               0x08003cfc   Section       18  stm32f1xx_hal_rcc.o(.constdata)
    aPredivFactorTable                       0x08003cfc   Data           2  stm32f1xx_hal_rcc.o(.constdata)
    aPLLMULFactorTable                       0x08003cfe   Data          16  stm32f1xx_hal_rcc.o(.constdata)
    .constdata                               0x08003d0e   Section       18  stm32f1xx_hal_rcc_ex.o(.constdata)
    aPredivFactorTable                       0x08003d0e   Data           2  stm32f1xx_hal_rcc_ex.o(.constdata)
    aPLLMULFactorTable                       0x08003d10   Data          16  stm32f1xx_hal_rcc_ex.o(.constdata)
    .constdata                               0x08003d20   Section       16  system_stm32f1xx.o(.constdata)
    .constdata                               0x08003d30   Section        8  system_stm32f1xx.o(.constdata)
    .data                                    0x20000000   Section      350  font.o(.data)
    .data                                    0x2000015e   Section      350  font.o(.data)
    .data                                    0x200002bc   Section       66  main.o(.data)
    sphygmus                                 0x200002cc   Data           5  main.o(.data)
    buf                                      0x200002d1   Data           7  main.o(.data)
    index                                    0x200002d8   Data          38  main.o(.data)
    .data                                    0x20000300   Section       12  stm32f1xx_hal.o(.data)
    .data                                    0x2000030c   Section        4  system_stm32f1xx.o(.data)
    .data                                    0x20000310   Section        4  stdout.o(.data)
    .bss                                     0x20000314   Section      112  main.o(.bss)
    .bss                                     0x20000384   Section       48  adc.o(.bss)
    .bss                                     0x200003b4   Section      144  tim.o(.bss)
    .bss                                     0x20000444   Section      144  usart.o(.bss)
    STACK                                    0x200004d8   Section     1024  startup_stm32f103xb.o(STACK)

    Global Symbols

    Symbol Name                              Value     Ov Type        Size  Object(Section)

    BuildAttributes$$THM_ISAv4$P$D$K$B$S$PE$A:L22UL41UL21$X:L11$S22US41US21$IEEE1$IW$USESV6$~STKCKD$USESV7$~SHL$OTIME$ROPI$EBA8$MICROLIB$REQ8$PRES8$EABIv2 0x00000000   Number         0  anon$$obj.o ABSOLUTE
    __ARM_use_no_argv                        0x00000000   Number         0  main.o ABSOLUTE
    _printf_a                                0x00000000   Number         0  stubs.o ABSOLUTE
    _printf_c                                0x00000000   Number         0  stubs.o ABSOLUTE
    _printf_charcount                        0x00000000   Number         0  stubs.o ABSOLUTE
    _printf_d                                0x00000000   Number         0  stubs.o ABSOLUTE
    _printf_e                                0x00000000   Number         0  stubs.o ABSOLUTE
    _printf_f                                0x00000000   Number         0  stubs.o ABSOLUTE
    _printf_flags                            0x00000000   Number         0  stubs.o ABSOLUTE
    _printf_fp_dec                           0x00000000   Number         0  stubs.o ABSOLUTE
    _printf_fp_hex                           0x00000000   Number         0  stubs.o ABSOLUTE
    _printf_g                                0x00000000   Number         0  stubs.o ABSOLUTE
    _printf_i                                0x00000000   Number         0  stubs.o ABSOLUTE
    _printf_int_dec                          0x00000000   Number         0  stubs.o ABSOLUTE
    _printf_l                                0x00000000   Number         0  stubs.o ABSOLUTE
    _printf_lc                               0x00000000   Number         0  stubs.o ABSOLUTE
    _printf_ll                               0x00000000   Number         0  stubs.o ABSOLUTE
    _printf_lld                              0x00000000   Number         0  stubs.o ABSOLUTE
    _printf_lli                              0x00000000   Number         0  stubs.o ABSOLUTE
    _printf_llo                              0x00000000   Number         0  stubs.o ABSOLUTE
    _printf_llu                              0x00000000   Number         0  stubs.o ABSOLUTE
    _printf_llx                              0x00000000   Number         0  stubs.o ABSOLUTE
    _printf_longlong_dec                     0x00000000   Number         0  stubs.o ABSOLUTE
    _printf_longlong_hex                     0x00000000   Number         0  stubs.o ABSOLUTE
    _printf_longlong_oct                     0x00000000   Number         0  stubs.o ABSOLUTE
    _printf_ls                               0x00000000   Number         0  stubs.o ABSOLUTE
    _printf_mbtowc                           0x00000000   Number         0  stubs.o ABSOLUTE
    _printf_n                                0x00000000   Number         0  stubs.o ABSOLUTE
    _printf_o                                0x00000000   Number         0  stubs.o ABSOLUTE
    _printf_p                                0x00000000   Number         0  stubs.o ABSOLUTE
    _printf_percent                          0x00000000   Number         0  stubs.o ABSOLUTE
    _printf_pre_padding                      0x00000000   Number         0  stubs.o ABSOLUTE
    _printf_return_value                     0x00000000   Number         0  stubs.o ABSOLUTE
    _printf_s                                0x00000000   Number         0  stubs.o ABSOLUTE
    _printf_sizespec                         0x00000000   Number         0  stubs.o ABSOLUTE
    _printf_str                              0x00000000   Number         0  stubs.o ABSOLUTE
    _printf_truncate_signed                  0x00000000   Number         0  stubs.o ABSOLUTE
    _printf_truncate_unsigned                0x00000000   Number         0  stubs.o ABSOLUTE
    _printf_u                                0x00000000   Number         0  stubs.o ABSOLUTE
    _printf_wc                               0x00000000   Number         0  stubs.o ABSOLUTE
    _printf_wctomb                           0x00000000   Number         0  stubs.o ABSOLUTE
    _printf_widthprec                        0x00000000   Number         0  stubs.o ABSOLUTE
    _printf_x                                0x00000000   Number         0  stubs.o ABSOLUTE
    __cpp_initialize__aeabi_                  - Undefined Weak Reference
    __cxa_finalize                            - Undefined Weak Reference
    _clock_init                               - Undefined Weak Reference
    _microlib_exit                            - Undefined Weak Reference
    __Vectors_Size                           0x000000ec   Number         0  startup_stm32f103xb.o ABSOLUTE
    __Vectors                                0x08000000   Data           4  startup_stm32f103xb.o(RESET)
    __Vectors_End                            0x080000ec   Data           0  startup_stm32f103xb.o(RESET)
    __main                                   0x080000ed   Thumb Code     0  entry.o(.ARM.Collect$$$$00000000)
    _main_stk                                0x080000ed   Thumb Code     0  entry2.o(.ARM.Collect$$$$00000001)
    _main_scatterload                        0x080000f1   Thumb Code     0  entry5.o(.ARM.Collect$$$$00000004)
    __main_after_scatterload                 0x080000f5   Thumb Code     0  entry5.o(.ARM.Collect$$$$00000004)
    _main_clock                              0x080000f5   Thumb Code     0  entry7b.o(.ARM.Collect$$$$00000008)
    _main_cpp_init                           0x080000f5   Thumb Code     0  entry8b.o(.ARM.Collect$$$$0000000A)
    _main_init                               0x080000f5   Thumb Code     0  entry9a.o(.ARM.Collect$$$$0000000B)
    __rt_final_cpp                           0x080000fd   Thumb Code     0  entry10a.o(.ARM.Collect$$$$0000000D)
    __rt_final_exit                          0x080000fd   Thumb Code     0  entry11a.o(.ARM.Collect$$$$0000000F)
    Reset_Handler                            0x08000101   Thumb Code     8  startup_stm32f103xb.o(.text)
    CAN1_RX1_IRQHandler                      0x0800011b   Thumb Code     0  startup_stm32f103xb.o(.text)
    CAN1_SCE_IRQHandler                      0x0800011b   Thumb Code     0  startup_stm32f103xb.o(.text)
    DMA1_Channel1_IRQHandler                 0x0800011b   Thumb Code     0  startup_stm32f103xb.o(.text)
    DMA1_Channel2_IRQHandler                 0x0800011b   Thumb Code     0  startup_stm32f103xb.o(.text)
    DMA1_Channel3_IRQHandler                 0x0800011b   Thumb Code     0  startup_stm32f103xb.o(.text)
    DMA1_Channel4_IRQHandler                 0x0800011b   Thumb Code     0  startup_stm32f103xb.o(.text)
    DMA1_Channel5_IRQHandler                 0x0800011b   Thumb Code     0  startup_stm32f103xb.o(.text)
    DMA1_Channel6_IRQHandler                 0x0800011b   Thumb Code     0  startup_stm32f103xb.o(.text)
    DMA1_Channel7_IRQHandler                 0x0800011b   Thumb Code     0  startup_stm32f103xb.o(.text)
    EXTI0_IRQHandler                         0x0800011b   Thumb Code     0  startup_stm32f103xb.o(.text)
    EXTI15_10_IRQHandler                     0x0800011b   Thumb Code     0  startup_stm32f103xb.o(.text)
    EXTI2_IRQHandler                         0x0800011b   Thumb Code     0  startup_stm32f103xb.o(.text)
    EXTI3_IRQHandler                         0x0800011b   Thumb Code     0  startup_stm32f103xb.o(.text)
    EXTI4_IRQHandler                         0x0800011b   Thumb Code     0  startup_stm32f103xb.o(.text)
    EXTI9_5_IRQHandler                       0x0800011b   Thumb Code     0  startup_stm32f103xb.o(.text)
    FLASH_IRQHandler                         0x0800011b   Thumb Code     0  startup_stm32f103xb.o(.text)
    I2C1_ER_IRQHandler                       0x0800011b   Thumb Code     0  startup_stm32f103xb.o(.text)
    I2C1_EV_IRQHandler                       0x0800011b   Thumb Code     0  startup_stm32f103xb.o(.text)
    I2C2_ER_IRQHandler                       0x0800011b   Thumb Code     0  startup_stm32f103xb.o(.text)
    I2C2_EV_IRQHandler                       0x0800011b   Thumb Code     0  startup_stm32f103xb.o(.text)
    PVD_IRQHandler                           0x0800011b   Thumb Code     0  startup_stm32f103xb.o(.text)
    RCC_IRQHandler                           0x0800011b   Thumb Code     0  startup_stm32f103xb.o(.text)
    RTC_Alarm_IRQHandler                     0x0800011b   Thumb Code     0  startup_stm32f103xb.o(.text)
    RTC_IRQHandler                           0x0800011b   Thumb Code     0  startup_stm32f103xb.o(.text)
    SPI1_IRQHandler                          0x0800011b   Thumb Code     0  startup_stm32f103xb.o(.text)
    SPI2_IRQHandler                          0x0800011b   Thumb Code     0  startup_stm32f103xb.o(.text)
    TAMPER_IRQHandler                        0x0800011b   Thumb Code     0  startup_stm32f103xb.o(.text)
    TIM1_BRK_IRQHandler                      0x0800011b   Thumb Code     0  startup_stm32f103xb.o(.text)
    TIM1_CC_IRQHandler                       0x0800011b   Thumb Code     0  startup_stm32f103xb.o(.text)
    TIM1_TRG_COM_IRQHandler                  0x0800011b   Thumb Code     0  startup_stm32f103xb.o(.text)
    TIM2_IRQHandler                          0x0800011b   Thumb Code     0  startup_stm32f103xb.o(.text)
    TIM3_IRQHandler                          0x0800011b   Thumb Code     0  startup_stm32f103xb.o(.text)
    TIM4_IRQHandler                          0x0800011b   Thumb Code     0  startup_stm32f103xb.o(.text)
    USART3_IRQHandler                        0x0800011b   Thumb Code     0  startup_stm32f103xb.o(.text)
    USBWakeUp_IRQHandler                     0x0800011b   Thumb Code     0  startup_stm32f103xb.o(.text)
    USB_HP_CAN1_TX_IRQHandler                0x0800011b   Thumb Code     0  startup_stm32f103xb.o(.text)
    USB_LP_CAN1_RX0_IRQHandler               0x0800011b   Thumb Code     0  startup_stm32f103xb.o(.text)
    WWDG_IRQHandler                          0x0800011b   Thumb Code     0  startup_stm32f103xb.o(.text)
    __aeabi_llsr                             0x08000125   Thumb Code    32  llushr.o(.text)
    _ll_ushift_r                             0x08000125   Thumb Code     0  llushr.o(.text)
    __aeabi_memcpy                           0x08000145   Thumb Code    36  memcpya.o(.text)
    __aeabi_memcpy4                          0x08000145   Thumb Code     0  memcpya.o(.text)
    __aeabi_memcpy8                          0x08000145   Thumb Code     0  memcpya.o(.text)
    __aeabi_memset                           0x08000169   Thumb Code    14  memseta.o(.text)
    __aeabi_memset4                          0x08000169   Thumb Code     0  memseta.o(.text)
    __aeabi_memset8                          0x08000169   Thumb Code     0  memseta.o(.text)
    __aeabi_memclr                           0x08000177   Thumb Code     4  memseta.o(.text)
    __aeabi_memclr4                          0x08000177   Thumb Code     0  memseta.o(.text)
    __aeabi_memclr8                          0x08000177   Thumb Code     0  memseta.o(.text)
    _memset$wrapper                          0x0800017b   Thumb Code    18  memseta.o(.text)
    __aeabi_fdiv                             0x0800018d   Thumb Code   124  fdiv.o(.text)
    __aeabi_dmul                             0x08000209   Thumb Code   228  dmul.o(.text)
    __aeabi_ddiv                             0x080002ed   Thumb Code   222  ddiv.o(.text)
    __aeabi_ui2f                             0x080003cb   Thumb Code    10  ffltui.o(.text)
    __aeabi_d2uiz                            0x080003d5   Thumb Code    50  dfixui.o(.text)
    __aeabi_f2d                              0x08000407   Thumb Code    38  f2d.o(.text)
    __aeabi_cdcmpeq                          0x0800042d   Thumb Code     0  cdcmple.o(.text)
    __aeabi_cdcmple                          0x0800042d   Thumb Code    48  cdcmple.o(.text)
    __aeabi_cdrcmple                         0x0800045d   Thumb Code    48  cdrcmple.o(.text)
    __aeabi_uidiv                            0x0800048d   Thumb Code     0  uidiv.o(.text)
    __aeabi_uidivmod                         0x0800048d   Thumb Code    44  uidiv.o(.text)
    __aeabi_uldivmod                         0x080004b9   Thumb Code    98  uldiv.o(.text)
    __I$use$fp                               0x0800051b   Thumb Code     0  iusefp.o(.text)
    _float_round                             0x0800051b   Thumb Code    18  fepilogue.o(.text)
    _float_epilogue                          0x0800052d   Thumb Code    92  fepilogue.o(.text)
    _double_round                            0x08000589   Thumb Code    30  depilogue.o(.text)
    _double_epilogue                         0x080005a7   Thumb Code   156  depilogue.o(.text)
    __aeabi_dadd                             0x08000643   Thumb Code   322  dadd.o(.text)
    __aeabi_dsub                             0x08000785   Thumb Code     6  dadd.o(.text)
    __aeabi_drsub                            0x0800078b   Thumb Code     6  dadd.o(.text)
    __aeabi_d2ulz                            0x08000791   Thumb Code    48  dfixul.o(.text)
    __scatterload                            0x080007c1   Thumb Code    28  init.o(.text)
    __scatterload_rt2                        0x080007c1   Thumb Code     0  init.o(.text)
    __aeabi_llsl                             0x080007e5   Thumb Code    30  llshl.o(.text)
    _ll_shift_l                              0x080007e5   Thumb Code     0  llshl.o(.text)
    __aeabi_lasr                             0x08000803   Thumb Code    36  llsshr.o(.text)
    _ll_sshift_r                             0x08000803   Thumb Code     0  llsshr.o(.text)
    __decompress                             0x08000827   Thumb Code     0  __dczerorl2.o(.text)
    __decompress1                            0x08000827   Thumb Code    86  __dczerorl2.o(.text)
    ADC1_2_IRQHandler                        0x0800087d   Thumb Code     6  stm32f1xx_it.o(i.ADC1_2_IRQHandler)
    ADC_ConversionStop_Disable               0x08000889   Thumb Code    86  stm32f1xx_hal_adc.o(i.ADC_ConversionStop_Disable)
    ADC_Enable                               0x080008e1   Thumb Code   114  stm32f1xx_hal_adc.o(i.ADC_Enable)
    BusFault_Handler                         0x0800095d   Thumb Code     2  stm32f1xx_it.o(i.BusFault_Handler)
    DebugMon_Handler                         0x0800095f   Thumb Code     2  stm32f1xx_it.o(i.DebugMon_Handler)
    EXTI1_IRQHandler                         0x08000961   Thumb Code     6  stm32f1xx_it.o(i.EXTI1_IRQHandler)
    Error_Handler                            0x08000967   Thumb Code     4  main.o(i.Error_Handler)
    HAL_ADCEx_Calibration_Start              0x0800096d   Thumb Code   210  stm32f1xx_hal_adc_ex.o(i.HAL_ADCEx_Calibration_Start)
    HAL_ADCEx_InjectedConvCpltCallback       0x08000a45   Thumb Code     2  stm32f1xx_hal_adc_ex.o(i.HAL_ADCEx_InjectedConvCpltCallback)
    HAL_ADC_ConfigChannel                    0x08000a49   Thumb Code   240  stm32f1xx_hal_adc.o(i.HAL_ADC_ConfigChannel)
    HAL_ADC_ConvCpltCallback                 0x08000b45   Thumb Code   114  main.o(i.HAL_ADC_ConvCpltCallback)
    HAL_ADC_GetValue                         0x08000bd1   Thumb Code     6  stm32f1xx_hal_adc.o(i.HAL_ADC_GetValue)
    HAL_ADC_IRQHandler                       0x08000bd7   Thumb Code   220  stm32f1xx_hal_adc.o(i.HAL_ADC_IRQHandler)
    HAL_ADC_Init                             0x08000cb5   Thumb Code   272  stm32f1xx_hal_adc.o(i.HAL_ADC_Init)
    HAL_ADC_LevelOutOfWindowCallback         0x08000dd1   Thumb Code     2  stm32f1xx_hal_adc.o(i.HAL_ADC_LevelOutOfWindowCallback)
    HAL_ADC_MspInit                          0x08000dd5   Thumb Code    92  adc.o(i.HAL_ADC_MspInit)
    HAL_ADC_Start_IT                         0x08000e3d   Thumb Code   194  stm32f1xx_hal_adc.o(i.HAL_ADC_Start_IT)
    HAL_DMA_Abort                            0x08000f09   Thumb Code    70  stm32f1xx_hal_dma.o(i.HAL_DMA_Abort)
    HAL_DMA_Abort_IT                         0x08000f51   Thumb Code   148  stm32f1xx_hal_dma.o(i.HAL_DMA_Abort_IT)
    HAL_Delay                                0x08000fe9   Thumb Code    32  stm32f1xx_hal.o(i.HAL_Delay)
    HAL_GPIO_EXTI_Callback                   0x0800100d   Thumb Code    18  main.o(i.HAL_GPIO_EXTI_Callback)
    HAL_GPIO_EXTI_IRQHandler                 0x08001025   Thumb Code    18  stm32f1xx_hal_gpio.o(i.HAL_GPIO_EXTI_IRQHandler)
    HAL_GPIO_Init                            0x0800103d   Thumb Code   446  stm32f1xx_hal_gpio.o(i.HAL_GPIO_Init)
    HAL_GPIO_WritePin                        0x0800121d   Thumb Code    10  stm32f1xx_hal_gpio.o(i.HAL_GPIO_WritePin)
    HAL_GetTick                              0x08001229   Thumb Code     6  stm32f1xx_hal.o(i.HAL_GetTick)
    HAL_IncTick                              0x08001235   Thumb Code    12  stm32f1xx_hal.o(i.HAL_IncTick)
    HAL_Init                                 0x08001245   Thumb Code    32  stm32f1xx_hal.o(i.HAL_Init)
    HAL_InitTick                             0x08001269   Thumb Code    54  stm32f1xx_hal.o(i.HAL_InitTick)
    HAL_MspInit                              0x080012a9   Thumb Code    52  stm32f1xx_hal_msp.o(i.HAL_MspInit)
    HAL_NVIC_EnableIRQ                       0x080012e5   Thumb Code    26  stm32f1xx_hal_cortex.o(i.HAL_NVIC_EnableIRQ)
    HAL_NVIC_SetPriority                     0x08001301   Thumb Code    60  stm32f1xx_hal_cortex.o(i.HAL_NVIC_SetPriority)
    HAL_NVIC_SetPriorityGrouping             0x08001341   Thumb Code    26  stm32f1xx_hal_cortex.o(i.HAL_NVIC_SetPriorityGrouping)
    HAL_RCCEx_GetPeriphCLKFreq               0x08001365   Thumb Code   148  stm32f1xx_hal_rcc_ex.o(i.HAL_RCCEx_GetPeriphCLKFreq)
    HAL_RCCEx_PeriphCLKConfig                0x08001409   Thumb Code   224  stm32f1xx_hal_rcc_ex.o(i.HAL_RCCEx_PeriphCLKConfig)
    HAL_RCC_ClockConfig                      0x080014f5   Thumb Code   280  stm32f1xx_hal_rcc.o(i.HAL_RCC_ClockConfig)
    HAL_RCC_GetPCLK1Freq                     0x08001621   Thumb Code    20  stm32f1xx_hal_rcc.o(i.HAL_RCC_GetPCLK1Freq)
    HAL_RCC_GetPCLK2Freq                     0x08001641   Thumb Code    20  stm32f1xx_hal_rcc.o(i.HAL_RCC_GetPCLK2Freq)
    HAL_RCC_GetSysClockFreq                  0x08001661   Thumb Code    58  stm32f1xx_hal_rcc.o(i.HAL_RCC_GetSysClockFreq)
    HAL_RCC_OscConfig                        0x080016ad   Thumb Code   778  stm32f1xx_hal_rcc.o(i.HAL_RCC_OscConfig)
    HAL_SYSTICK_Config                       0x080019cd   Thumb Code    40  stm32f1xx_hal_cortex.o(i.HAL_SYSTICK_Config)
    HAL_TIMEx_BreakCallback                  0x080019f5   Thumb Code     2  stm32f1xx_hal_tim_ex.o(i.HAL_TIMEx_BreakCallback)
    HAL_TIMEx_CommutCallback                 0x080019f7   Thumb Code     2  stm32f1xx_hal_tim_ex.o(i.HAL_TIMEx_CommutCallback)
    HAL_TIMEx_MasterConfigSynchronization    0x080019f9   Thumb Code    92  stm32f1xx_hal_tim_ex.o(i.HAL_TIMEx_MasterConfigSynchronization)
    HAL_TIM_Base_Init                        0x08001a61   Thumb Code    90  stm32f1xx_hal_tim.o(i.HAL_TIM_Base_Init)
    HAL_TIM_Base_MspInit                     0x08001abd   Thumb Code    72  tim.o(i.HAL_TIM_Base_MspInit)
    HAL_TIM_Base_Start_IT                    0x08001b0d   Thumb Code    76  stm32f1xx_hal_tim.o(i.HAL_TIM_Base_Start_IT)
    HAL_TIM_ConfigClockSource                0x08001b65   Thumb Code   220  stm32f1xx_hal_tim.o(i.HAL_TIM_ConfigClockSource)
    HAL_TIM_IC_CaptureCallback               0x08001c41   Thumb Code     2  stm32f1xx_hal_tim.o(i.HAL_TIM_IC_CaptureCallback)
    HAL_TIM_IRQHandler                       0x08001c43   Thumb Code   358  stm32f1xx_hal_tim.o(i.HAL_TIM_IRQHandler)
    HAL_TIM_OC_DelayElapsedCallback          0x08001da9   Thumb Code     2  stm32f1xx_hal_tim.o(i.HAL_TIM_OC_DelayElapsedCallback)
    HAL_TIM_PWM_PulseFinishedCallback        0x08001dab   Thumb Code     2  stm32f1xx_hal_tim.o(i.HAL_TIM_PWM_PulseFinishedCallback)
    HAL_TIM_PeriodElapsedCallback            0x08001dad   Thumb Code    20  main.o(i.HAL_TIM_PeriodElapsedCallback)
    HAL_TIM_TriggerCallback                  0x08001dc9   Thumb Code     2  stm32f1xx_hal_tim.o(i.HAL_TIM_TriggerCallback)
    HAL_UARTEx_RxEventCallback               0x08001dcb   Thumb Code     2  stm32f1xx_hal_uart.o(i.HAL_UARTEx_RxEventCallback)
    HAL_UART_ErrorCallback                   0x08001dcd   Thumb Code     2  stm32f1xx_hal_uart.o(i.HAL_UART_ErrorCallback)
    HAL_UART_IRQHandler                      0x08001dd1   Thumb Code   616  stm32f1xx_hal_uart.o(i.HAL_UART_IRQHandler)
    HAL_UART_Init                            0x0800203d   Thumb Code   100  stm32f1xx_hal_uart.o(i.HAL_UART_Init)
    HAL_UART_MspInit                         0x080020a1   Thumb Code   198  usart.o(i.HAL_UART_MspInit)
    HAL_UART_RxCpltCallback                  0x08002179   Thumb Code     2  stm32f1xx_hal_uart.o(i.HAL_UART_RxCpltCallback)
    HAL_UART_Transmit                        0x0800217b   Thumb Code   154  stm32f1xx_hal_uart.o(i.HAL_UART_Transmit)
    HAL_UART_TxCpltCallback                  0x08002215   Thumb Code     2  stm32f1xx_hal_uart.o(i.HAL_UART_TxCpltCallback)
    HardFault_Handler                        0x08002217   Thumb Code     2  stm32f1xx_it.o(i.HardFault_Handler)
    IIC_Pin_Init                             0x08002219   Thumb Code    64  iic.o(i.IIC_Pin_Init)
    IIC_Reception_Ack                        0x08002261   Thumb Code    42  iic.o(i.IIC_Reception_Ack)
    IIC_Send_Data                            0x08002291   Thumb Code    74  iic.o(i.IIC_Send_Data)
    IIC_Start                                0x080022e1   Thumb Code    38  iic.o(i.IIC_Start)
    IIC_Stop                                 0x0800230d   Thumb Code    38  iic.o(i.IIC_Stop)
    MX_ADC1_Init                             0x08002339   Thumb Code    70  adc.o(i.MX_ADC1_Init)
    MX_GPIO_Init                             0x08002389   Thumb Code   118  gpio.o(i.MX_GPIO_Init)
    MX_TIM1_Init                             0x0800240d   Thumb Code    96  tim.o(i.MX_TIM1_Init)
    MX_TIM2_Init                             0x08002475   Thumb Code    96  tim.o(i.MX_TIM2_Init)
    MX_USART1_UART_Init                      0x080024d9   Thumb Code    48  usart.o(i.MX_USART1_UART_Init)
    MX_USART2_UART_Init                      0x08002511   Thumb Code    48  usart.o(i.MX_USART2_UART_Init)
    MemManage_Handler                        0x08002549   Thumb Code     2  stm32f1xx_it.o(i.MemManage_Handler)
    NMI_Handler                              0x0800254b   Thumb Code     2  stm32f1xx_it.o(i.NMI_Handler)
    OLED_Clear                               0x0800254d   Thumb Code    56  oled.o(i.OLED_Clear)
    OLED_Send_Command                        0x08002585   Thumb Code    34  oled.o(i.OLED_Send_Command)
    Oled_Address                             0x080025a7   Thumb Code    34  oled.o(i.Oled_Address)
    Oled_Display_Char                        0x080025c9   Thumb Code    76  oled.o(i.Oled_Display_Char)
    Oled_Display_Pic                         0x08002619   Thumb Code    72  oled.o(i.Oled_Display_Pic)
    Oled_Display_String                      0x08002661   Thumb Code    32  oled.o(i.Oled_Display_String)
    Oled_Init                                0x08002681   Thumb Code   190  oled.o(i.Oled_Init)
    Oled_Write_Data                          0x0800273f   Thumb Code    34  oled.o(i.Oled_Write_Data)
    PendSV_Handler                           0x08002761   Thumb Code     2  stm32f1xx_it.o(i.PendSV_Handler)
    SVC_Handler                              0x08002763   Thumb Code     2  stm32f1xx_it.o(i.SVC_Handler)
    SysTick_Handler                          0x08002765   Thumb Code     4  stm32f1xx_it.o(i.SysTick_Handler)
    SystemClock_Config                       0x08002769   Thumb Code   116  main.o(i.SystemClock_Config)
    SystemInit                               0x080027dd   Thumb Code     2  system_stm32f1xx.o(i.SystemInit)
    TIM1_UP_IRQHandler                       0x080027e1   Thumb Code     6  stm32f1xx_it.o(i.TIM1_UP_IRQHandler)
    TIM_Base_SetConfig                       0x080027ed   Thumb Code    94  stm32f1xx_hal_tim.o(i.TIM_Base_SetConfig)
    TIM_ETR_SetConfig                        0x08002859   Thumb Code    20  stm32f1xx_hal_tim.o(i.TIM_ETR_SetConfig)
    USART1_IRQHandler                        0x08002b15   Thumb Code     6  stm32f1xx_it.o(i.USART1_IRQHandler)
    USART2_IRQHandler                        0x08002b21   Thumb Code     6  stm32f1xx_it.o(i.USART2_IRQHandler)
    UsageFault_Handler                       0x08002b2d   Thumb Code     2  stm32f1xx_it.o(i.UsageFault_Handler)
    __0printf                                0x08002b31   Thumb Code    22  printfa.o(i.__0printf)
    __1printf                                0x08002b31   Thumb Code     0  printfa.o(i.__0printf)
    __2printf                                0x08002b31   Thumb Code     0  printfa.o(i.__0printf)
    __c89printf                              0x08002b31   Thumb Code     0  printfa.o(i.__0printf)
    printf                                   0x08002b31   Thumb Code     0  printfa.o(i.__0printf)
    __scatterload_copy                       0x08002b71   Thumb Code    14  handlers.o(i.__scatterload_copy)
    __scatterload_null                       0x08002b7f   Thumb Code     2  handlers.o(i.__scatterload_null)
    __scatterload_zeroinit                   0x08002b81   Thumb Code    14  handlers.o(i.__scatterload_zeroinit)
    add_delta_time                           0x08003445   Thumb Code    44  main.o(i.add_delta_time)
    average                                  0x0800347d   Thumb Code    40  main.o(i.average)
    delay_us                                 0x080034ad   Thumb Code    54  main.o(i.delay_us)
    display                                  0x080034e9   Thumb Code    80  main.o(i.display)
    fputc                                    0x08003545   Thumb Code    18  main.o(i.fputc)
    get_sphygmus                             0x0800355d   Thumb Code    70  main.o(i.get_sphygmus)
    main                                     0x080035b9   Thumb Code   158  main.o(i.main)
    to_string                                0x08003671   Thumb Code   152  main.o(i.to_string)
    Aciss_8X16                               0x0800370c   Data        1520  font.o(.constdata)
    AHBPrescTable                            0x08003d20   Data          16  system_stm32f1xx.o(.constdata)
    APBPrescTable                            0x08003d30   Data           8  system_stm32f1xx.o(.constdata)
    Region$$Table$$Base                      0x08003d38   Number         0  anon$$obj.o(Region$$Table)
    Region$$Table$$Limit                     0x08003d58   Number         0  anon$$obj.o(Region$$Table)
    heart_large                              0x20000000   Data         350  font.o(.data)
    heart_small                              0x2000015e   Data         350  font.o(.data)
    adc_value                                0x200002bc   Data           2  main.o(.data)
    last_value                               0x200002be   Data           2  main.o(.data)
    time                                     0x200002c0   Data           4  main.o(.data)
    l_time                                   0x200002c4   Data           4  main.o(.data)
    alarm                                    0x200002c8   Data           4  main.o(.data)
    uwTickFreq                               0x20000300   Data           1  stm32f1xx_hal.o(.data)
    uwTickPrio                               0x20000304   Data           4  stm32f1xx_hal.o(.data)
    uwTick                                   0x20000308   Data           4  stm32f1xx_hal.o(.data)
    SystemCoreClock                          0x2000030c   Data           4  system_stm32f1xx.o(.data)
    __stdout                                 0x20000310   Data           4  stdout.o(.data)
    delta_time_list                          0x20000314   Data          40  main.o(.bss)
    current_uart                             0x2000033c   Data          72  main.o(.bss)
    hadc1                                    0x20000384   Data          48  adc.o(.bss)
    htim1                                    0x200003b4   Data          72  tim.o(.bss)
    htim2                                    0x200003fc   Data          72  tim.o(.bss)
    huart1                                   0x20000444   Data          72  usart.o(.bss)
    huart2                                   0x2000048c   Data          72  usart.o(.bss)
    __initial_sp                             0x200008d8   Data           0  startup_stm32f103xb.o(STACK)



==============================================================================

Memory Map of the image

  Image Entry point : 0x080000ed

  Load Region LR_IROM1 (Base: 0x08000000, Size: 0x0000406c, Max: 0x00010000, ABSOLUTE, COMPRESSED[0x00003e38])

    Execution Region ER_IROM1 (Base: 0x08000000, Size: 0x00003d58, Max: 0x00010000, ABSOLUTE)

    Base Addr    Size         Type   Attr      Idx    E Section Name        Object

    0x08000000   0x000000ec   Data   RO            3    RESET               startup_stm32f103xb.o
    0x080000ec   0x00000000   Code   RO         3359  * .ARM.Collect$$$$00000000  mc_w.l(entry.o)
    0x080000ec   0x00000004   Code   RO         3647    .ARM.Collect$$$$00000001  mc_w.l(entry2.o)
    0x080000f0   0x00000004   Code   RO         3650    .ARM.Collect$$$$00000004  mc_w.l(entry5.o)
    0x080000f4   0x00000000   Code   RO         3652    .ARM.Collect$$$$00000008  mc_w.l(entry7b.o)
    0x080000f4   0x00000000   Code   RO         3654    .ARM.Collect$$$$0000000A  mc_w.l(entry8b.o)
    0x080000f4   0x00000008   Code   RO         3655    .ARM.Collect$$$$0000000B  mc_w.l(entry9a.o)
    0x080000fc   0x00000000   Code   RO         3657    .ARM.Collect$$$$0000000D  mc_w.l(entry10a.o)
    0x080000fc   0x00000000   Code   RO         3659    .ARM.Collect$$$$0000000F  mc_w.l(entry11a.o)
    0x080000fc   0x00000004   Code   RO         3648    .ARM.Collect$$$$00002712  mc_w.l(entry2.o)
    0x08000100   0x00000024   Code   RO            4    .text               startup_stm32f103xb.o
    0x08000124   0x00000020   Code   RO         3362    .text               mc_w.l(llushr.o)
    0x08000144   0x00000024   Code   RO         3364    .text               mc_w.l(memcpya.o)
    0x08000168   0x00000024   Code   RO         3366    .text               mc_w.l(memseta.o)
    0x0800018c   0x0000007c   Code   RO         3631    .text               mf_w.l(fdiv.o)
    0x08000208   0x000000e4   Code   RO         3633    .text               mf_w.l(dmul.o)
    0x080002ec   0x000000de   Code   RO         3635    .text               mf_w.l(ddiv.o)
    0x080003ca   0x0000000a   Code   RO         3637    .text               mf_w.l(ffltui.o)
    0x080003d4   0x00000032   Code   RO         3639    .text               mf_w.l(dfixui.o)
    0x08000406   0x00000026   Code   RO         3641    .text               mf_w.l(f2d.o)
    0x0800042c   0x00000030   Code   RO         3643    .text               mf_w.l(cdcmple.o)
    0x0800045c   0x00000030   Code   RO         3645    .text               mf_w.l(cdrcmple.o)
    0x0800048c   0x0000002c   Code   RO         3662    .text               mc_w.l(uidiv.o)
    0x080004b8   0x00000062   Code   RO         3664    .text               mc_w.l(uldiv.o)
    0x0800051a   0x00000000   Code   RO         3666    .text               mc_w.l(iusefp.o)
    0x0800051a   0x0000006e   Code   RO         3667    .text               mf_w.l(fepilogue.o)
    0x08000588   0x000000ba   Code   RO         3669    .text               mf_w.l(depilogue.o)
    0x08000642   0x0000014e   Code   RO         3671    .text               mf_w.l(dadd.o)
    0x08000790   0x00000030   Code   RO         3673    .text               mf_w.l(dfixul.o)
    0x080007c0   0x00000024   Code   RO         3675    .text               mc_w.l(init.o)
    0x080007e4   0x0000001e   Code   RO         3677    .text               mc_w.l(llshl.o)
    0x08000802   0x00000024   Code   RO         3679    .text               mc_w.l(llsshr.o)
    0x08000826   0x00000056   Code   RO         3689    .text               mc_w.l(__dczerorl2.o)
    0x0800087c   0x0000000c   Code   RO          569    i.ADC1_2_IRQHandler  stm32f1xx_it.o
    0x08000888   0x00000056   Code   RO          735    i.ADC_ConversionStop_Disable  stm32f1xx_hal_adc.o
    0x080008de   0x00000002   PAD
    0x080008e0   0x0000007c   Code   RO          739    i.ADC_Enable        stm32f1xx_hal_adc.o
    0x0800095c   0x00000002   Code   RO          570    i.BusFault_Handler  stm32f1xx_it.o
    0x0800095e   0x00000002   Code   RO          571    i.DebugMon_Handler  stm32f1xx_it.o
    0x08000960   0x00000006   Code   RO          572    i.EXTI1_IRQHandler  stm32f1xx_it.o
    0x08000966   0x00000004   Code   RO          270    i.Error_Handler     main.o
    0x0800096a   0x00000002   PAD
    0x0800096c   0x000000d8   Code   RO          915    i.HAL_ADCEx_Calibration_Start  stm32f1xx_hal_adc_ex.o
    0x08000a44   0x00000002   Code   RO          917    i.HAL_ADCEx_InjectedConvCpltCallback  stm32f1xx_hal_adc_ex.o
    0x08000a46   0x00000002   PAD
    0x08000a48   0x000000fc   Code   RO          741    i.HAL_ADC_ConfigChannel  stm32f1xx_hal_adc.o
    0x08000b44   0x0000008c   Code   RO          271    i.HAL_ADC_ConvCpltCallback  main.o
    0x08000bd0   0x00000006   Code   RO          748    i.HAL_ADC_GetValue  stm32f1xx_hal_adc.o
    0x08000bd6   0x000000dc   Code   RO          749    i.HAL_ADC_IRQHandler  stm32f1xx_hal_adc.o
    0x08000cb2   0x00000002   PAD
    0x08000cb4   0x0000011c   Code   RO          750    i.HAL_ADC_Init      stm32f1xx_hal_adc.o
    0x08000dd0   0x00000002   Code   RO          751    i.HAL_ADC_LevelOutOfWindowCallback  stm32f1xx_hal_adc.o
    0x08000dd2   0x00000002   PAD
    0x08000dd4   0x00000068   Code   RO          432    i.HAL_ADC_MspInit   adc.o
    0x08000e3c   0x000000cc   Code   RO          758    i.HAL_ADC_Start_IT  stm32f1xx_hal_adc.o
    0x08000f08   0x00000046   Code   RO         1392    i.HAL_DMA_Abort     stm32f1xx_hal_dma.o
    0x08000f4e   0x00000002   PAD
    0x08000f50   0x00000098   Code   RO         1393    i.HAL_DMA_Abort_IT  stm32f1xx_hal_dma.o
    0x08000fe8   0x00000024   Code   RO         1018    i.HAL_Delay         stm32f1xx_hal.o
    0x0800100c   0x00000018   Code   RO          272    i.HAL_GPIO_EXTI_Callback  main.o
    0x08001024   0x00000018   Code   RO         1327    i.HAL_GPIO_EXTI_IRQHandler  stm32f1xx_hal_gpio.o
    0x0800103c   0x000001e0   Code   RO         1328    i.HAL_GPIO_Init     stm32f1xx_hal_gpio.o
    0x0800121c   0x0000000a   Code   RO         1332    i.HAL_GPIO_WritePin  stm32f1xx_hal_gpio.o
    0x08001226   0x00000002   PAD
    0x08001228   0x0000000c   Code   RO         1022    i.HAL_GetTick       stm32f1xx_hal.o
    0x08001234   0x00000010   Code   RO         1028    i.HAL_IncTick       stm32f1xx_hal.o
    0x08001244   0x00000024   Code   RO         1029    i.HAL_Init          stm32f1xx_hal.o
    0x08001268   0x00000040   Code   RO         1030    i.HAL_InitTick      stm32f1xx_hal.o
    0x080012a8   0x0000003c   Code   RO          675    i.HAL_MspInit       stm32f1xx_hal_msp.o
    0x080012e4   0x0000001a   Code   RO         1488    i.HAL_NVIC_EnableIRQ  stm32f1xx_hal_cortex.o
    0x080012fe   0x00000002   PAD
    0x08001300   0x00000040   Code   RO         1494    i.HAL_NVIC_SetPriority  stm32f1xx_hal_cortex.o
    0x08001340   0x00000024   Code   RO         1495    i.HAL_NVIC_SetPriorityGrouping  stm32f1xx_hal_cortex.o
    0x08001364   0x000000a4   Code   RO         1289    i.HAL_RCCEx_GetPeriphCLKFreq  stm32f1xx_hal_rcc_ex.o
    0x08001408   0x000000ec   Code   RO         1290    i.HAL_RCCEx_PeriphCLKConfig  stm32f1xx_hal_rcc_ex.o
    0x080014f4   0x0000012c   Code   RO         1186    i.HAL_RCC_ClockConfig  stm32f1xx_hal_rcc.o
    0x08001620   0x00000020   Code   RO         1193    i.HAL_RCC_GetPCLK1Freq  stm32f1xx_hal_rcc.o
    0x08001640   0x00000020   Code   RO         1194    i.HAL_RCC_GetPCLK2Freq  stm32f1xx_hal_rcc.o
    0x08001660   0x0000004c   Code   RO         1195    i.HAL_RCC_GetSysClockFreq  stm32f1xx_hal_rcc.o
    0x080016ac   0x00000320   Code   RO         1198    i.HAL_RCC_OscConfig  stm32f1xx_hal_rcc.o
    0x080019cc   0x00000028   Code   RO         1499    i.HAL_SYSTICK_Config  stm32f1xx_hal_cortex.o
    0x080019f4   0x00000002   Code   RO         2694    i.HAL_TIMEx_BreakCallback  stm32f1xx_hal_tim_ex.o
    0x080019f6   0x00000002   Code   RO         2695    i.HAL_TIMEx_CommutCallback  stm32f1xx_hal_tim_ex.o
    0x080019f8   0x00000068   Code   RO         2713    i.HAL_TIMEx_MasterConfigSynchronization  stm32f1xx_hal_tim_ex.o
    0x08001a60   0x0000005a   Code   RO         1990    i.HAL_TIM_Base_Init  stm32f1xx_hal_tim.o
    0x08001aba   0x00000002   PAD
    0x08001abc   0x00000050   Code   RO          474    i.HAL_TIM_Base_MspInit  tim.o
    0x08001b0c   0x00000058   Code   RO         1995    i.HAL_TIM_Base_Start_IT  stm32f1xx_hal_tim.o
    0x08001b64   0x000000dc   Code   RO         1999    i.HAL_TIM_ConfigClockSource  stm32f1xx_hal_tim.o
    0x08001c40   0x00000002   Code   RO         2024    i.HAL_TIM_IC_CaptureCallback  stm32f1xx_hal_tim.o
    0x08001c42   0x00000166   Code   RO         2038    i.HAL_TIM_IRQHandler  stm32f1xx_hal_tim.o
    0x08001da8   0x00000002   Code   RO         2041    i.HAL_TIM_OC_DelayElapsedCallback  stm32f1xx_hal_tim.o
    0x08001daa   0x00000002   Code   RO         2068    i.HAL_TIM_PWM_PulseFinishedCallback  stm32f1xx_hal_tim.o
    0x08001dac   0x0000001c   Code   RO          273    i.HAL_TIM_PeriodElapsedCallback  main.o
    0x08001dc8   0x00000002   Code   RO         2081    i.HAL_TIM_TriggerCallback  stm32f1xx_hal_tim.o
    0x08001dca   0x00000002   Code   RO         2973    i.HAL_UARTEx_RxEventCallback  stm32f1xx_hal_uart.o
    0x08001dcc   0x00000002   Code   RO         2987    i.HAL_UART_ErrorCallback  stm32f1xx_hal_uart.o
    0x08001dce   0x00000002   PAD
    0x08001dd0   0x0000026c   Code   RO         2990    i.HAL_UART_IRQHandler  stm32f1xx_hal_uart.o
    0x0800203c   0x00000064   Code   RO         2991    i.HAL_UART_Init     stm32f1xx_hal_uart.o
    0x080020a0   0x000000d8   Code   RO          522    i.HAL_UART_MspInit  usart.o
    0x08002178   0x00000002   Code   RO         2997    i.HAL_UART_RxCpltCallback  stm32f1xx_hal_uart.o
    0x0800217a   0x0000009a   Code   RO         2999    i.HAL_UART_Transmit  stm32f1xx_hal_uart.o
    0x08002214   0x00000002   Code   RO         3002    i.HAL_UART_TxCpltCallback  stm32f1xx_hal_uart.o
    0x08002216   0x00000002   Code   RO          573    i.HardFault_Handler  stm32f1xx_it.o
    0x08002218   0x00000048   Code   RO          184    i.IIC_Pin_Init      iic.o
    0x08002260   0x00000030   Code   RO          186    i.IIC_Reception_Ack  iic.o
    0x08002290   0x00000050   Code   RO          188    i.IIC_Send_Data     iic.o
    0x080022e0   0x0000002c   Code   RO          189    i.IIC_Start         iic.o
    0x0800230c   0x0000002c   Code   RO          190    i.IIC_Stop          iic.o
    0x08002338   0x00000050   Code   RO          433    i.MX_ADC1_Init      adc.o
    0x08002388   0x00000084   Code   RO          407    i.MX_GPIO_Init      gpio.o
    0x0800240c   0x00000068   Code   RO          475    i.MX_TIM1_Init      tim.o
    0x08002474   0x00000064   Code   RO          476    i.MX_TIM2_Init      tim.o
    0x080024d8   0x00000038   Code   RO          523    i.MX_USART1_UART_Init  usart.o
    0x08002510   0x00000038   Code   RO          524    i.MX_USART2_UART_Init  usart.o
    0x08002548   0x00000002   Code   RO          574    i.MemManage_Handler  stm32f1xx_it.o
    0x0800254a   0x00000002   Code   RO          575    i.NMI_Handler       stm32f1xx_it.o
    0x0800254c   0x00000038   Code   RO           13    i.OLED_Clear        oled.o
    0x08002584   0x00000022   Code   RO           14    i.OLED_Send_Command  oled.o
    0x080025a6   0x00000022   Code   RO           15    i.Oled_Address      oled.o
    0x080025c8   0x00000050   Code   RO           16    i.Oled_Display_Char  oled.o
    0x08002618   0x00000048   Code   RO           17    i.Oled_Display_Pic  oled.o
    0x08002660   0x00000020   Code   RO           18    i.Oled_Display_String  oled.o
    0x08002680   0x000000be   Code   RO           19    i.Oled_Init         oled.o
    0x0800273e   0x00000022   Code   RO           20    i.Oled_Write_Data   oled.o
    0x08002760   0x00000002   Code   RO          576    i.PendSV_Handler    stm32f1xx_it.o
    0x08002762   0x00000002   Code   RO          577    i.SVC_Handler       stm32f1xx_it.o
    0x08002764   0x00000004   Code   RO          578    i.SysTick_Handler   stm32f1xx_it.o
    0x08002768   0x00000074   Code   RO          274    i.SystemClock_Config  main.o
    0x080027dc   0x00000002   Code   RO         3325    i.SystemInit        system_stm32f1xx.o
    0x080027de   0x00000002   PAD
    0x080027e0   0x0000000c   Code   RO          579    i.TIM1_UP_IRQHandler  stm32f1xx_it.o
    0x080027ec   0x0000006c   Code   RO         2083    i.TIM_Base_SetConfig  stm32f1xx_hal_tim.o
    0x08002858   0x00000014   Code   RO         2094    i.TIM_ETR_SetConfig  stm32f1xx_hal_tim.o
    0x0800286c   0x00000010   Code   RO         2095    i.TIM_ITRx_SetConfig  stm32f1xx_hal_tim.o
    0x0800287c   0x00000022   Code   RO         2101    i.TIM_TI1_ConfigInputStage  stm32f1xx_hal_tim.o
    0x0800289e   0x00000024   Code   RO         2103    i.TIM_TI2_ConfigInputStage  stm32f1xx_hal_tim.o
    0x080028c2   0x00000010   Code   RO         3004    i.UART_DMAAbortOnError  stm32f1xx_hal_uart.o
    0x080028d2   0x0000004e   Code   RO         3014    i.UART_EndRxTransfer  stm32f1xx_hal_uart.o
    0x08002920   0x000000c2   Code   RO         3016    i.UART_Receive_IT   stm32f1xx_hal_uart.o
    0x080029e2   0x00000002   PAD
    0x080029e4   0x000000b8   Code   RO         3017    i.UART_SetConfig    stm32f1xx_hal_uart.o
    0x08002a9c   0x00000078   Code   RO         3020    i.UART_WaitOnFlagUntilTimeout  stm32f1xx_hal_uart.o
    0x08002b14   0x0000000c   Code   RO          580    i.USART1_IRQHandler  stm32f1xx_it.o
    0x08002b20   0x0000000c   Code   RO          581    i.USART2_IRQHandler  stm32f1xx_it.o
    0x08002b2c   0x00000002   Code   RO          582    i.UsageFault_Handler  stm32f1xx_it.o
    0x08002b2e   0x00000002   PAD
    0x08002b30   0x00000020   Code   RO         3603    i.__0printf         mc_w.l(printfa.o)
    0x08002b50   0x00000020   Code   RO         1501    i.__NVIC_SetPriority  stm32f1xx_hal_cortex.o
    0x08002b70   0x0000000e   Code   RO         3683    i.__scatterload_copy  mc_w.l(handlers.o)
    0x08002b7e   0x00000002   Code   RO         3684    i.__scatterload_null  mc_w.l(handlers.o)
    0x08002b80   0x0000000e   Code   RO         3685    i.__scatterload_zeroinit  mc_w.l(handlers.o)
    0x08002b8e   0x00000002   PAD
    0x08002b90   0x00000184   Code   RO         3610    i._fp_digits        mc_w.l(printfa.o)
    0x08002d14   0x000006dc   Code   RO         3611    i._printf_core      mc_w.l(printfa.o)
    0x080033f0   0x00000024   Code   RO         3612    i._printf_post_padding  mc_w.l(printfa.o)
    0x08003414   0x0000002e   Code   RO         3613    i._printf_pre_padding  mc_w.l(printfa.o)
    0x08003442   0x00000002   PAD
    0x08003444   0x00000038   Code   RO          276    i.add_delta_time    main.o
    0x0800347c   0x00000030   Code   RO          277    i.average           main.o
    0x080034ac   0x0000003c   Code   RO          280    i.delay_us          main.o
    0x080034e8   0x0000005c   Code   RO          281    i.display           main.o
    0x08003544   0x00000018   Code   RO          282    i.fputc             main.o
    0x0800355c   0x0000005c   Code   RO          283    i.get_sphygmus      main.o
    0x080035b8   0x000000b8   Code   RO          284    i.main              main.o
    0x08003670   0x0000009c   Code   RO          285    i.to_string         main.o
    0x0800370c   0x000005f0   Data   RO          244    .constdata          font.o
    0x08003cfc   0x00000012   Data   RO         1199    .constdata          stm32f1xx_hal_rcc.o
    0x08003d0e   0x00000012   Data   RO         1291    .constdata          stm32f1xx_hal_rcc_ex.o
    0x08003d20   0x00000010   Data   RO         3326    .constdata          system_stm32f1xx.o
    0x08003d30   0x00000008   Data   RO         3327    .constdata          system_stm32f1xx.o
    0x08003d38   0x00000020   Data   RO         3681    Region$$Table       anon$$obj.o


    Execution Region RW_IRAM1 (Base: 0x20000000, Size: 0x000008d8, Max: 0x00005000, ABSOLUTE, COMPRESSED[0x000000e0])

    Base Addr    Size         Type   Attr      Idx    E Section Name        Object

    0x20000000   0x0000015e   Data   RW          245    .data               font.o
    0x2000015e   0x0000015e   Data   RW          246    .data               font.o
    0x200002bc   0x00000042   Data   RW          287    .data               main.o
    0x200002fe   0x00000002   PAD
    0x20000300   0x0000000c   Data   RW         1036    .data               stm32f1xx_hal.o
    0x2000030c   0x00000004   Data   RW         3328    .data               system_stm32f1xx.o
    0x20000310   0x00000004   Data   RW         3661    .data               mc_w.l(stdout.o)
    0x20000314   0x00000070   Zero   RW          286    .bss                main.o
    0x20000384   0x00000030   Zero   RW          434    .bss                adc.o
    0x200003b4   0x00000090   Zero   RW          477    .bss                tim.o
    0x20000444   0x00000090   Zero   RW          525    .bss                usart.o
    0x200004d4   0x00000004   PAD
    0x200004d8   0x00000400   Zero   RW            1    STACK               startup_stm32f103xb.o


==============================================================================

Image component sizes


      Code (inc. data)   RO Data    RW Data    ZI Data      Debug   Object Name

       184         22          0          0         48       1605   adc.o
         0          0       1520        700          0        593   font.o
       132         14          0          0          0        871   gpio.o
       288         32          0          0          0       2786   iic.o
      1024        136          0         66        112       9361   main.o
       532          4          0          0          0     452047   oled.o
        36          8        236          0       1024        792   startup_stm32f103xb.o
       164         28          0         12          0       5825   stm32f1xx_hal.o
      1178         44          0          0          0       6735   stm32f1xx_hal_adc.o
       218          6          0          0          0       1947   stm32f1xx_hal_adc_ex.o
       198         14          0          0          0      28883   stm32f1xx_hal_cortex.o
       222          4          0          0          0       1739   stm32f1xx_hal_dma.o
       514         40          0          0          0       3439   stm32f1xx_hal_gpio.o
        60          8          0          0          0        850   stm32f1xx_hal_msp.o
      1240         84         18          0          0       5052   stm32f1xx_hal_rcc.o
       400         28         18          0          0       2441   stm32f1xx_hal_rcc_ex.o
       978         26          0          0          0       9605   stm32f1xx_hal_tim.o
       108         12          0          0          0       2361   stm32f1xx_hal_tim_ex.o
      1474         10          0          0          0       9888   stm32f1xx_hal_uart.o
        74         24          0          0          0       5902   stm32f1xx_it.o
         2          0         24          4          0       1083   system_stm32f1xx.o
       284         20          0          0        144       2299   tim.o
       328         34          0          0        144       2319   usart.o

    ----------------------------------------------------------------------
      9664        598       1848        784       1476     558423   Object Totals
         0          0         32          0          0          0   (incl. Generated)
        26          0          0          2          4          0   (incl. Padding)

    ----------------------------------------------------------------------

      Code (inc. data)   RO Data    RW Data    ZI Data      Debug   Library Member Name

        86          0          0          0          0          0   __dczerorl2.o
         0          0          0          0          0          0   entry.o
         0          0          0          0          0          0   entry10a.o
         0          0          0          0          0          0   entry11a.o
         8          4          0          0          0          0   entry2.o
         4          0          0          0          0          0   entry5.o
         0          0          0          0          0          0   entry7b.o
         0          0          0          0          0          0   entry8b.o
         8          4          0          0          0          0   entry9a.o
        30          0          0          0          0          0   handlers.o
        36          8          0          0          0         68   init.o
         0          0          0          0          0          0   iusefp.o
        30          0          0          0          0         68   llshl.o
        36          0          0          0          0         68   llsshr.o
        32          0          0          0          0         68   llushr.o
        36          0          0          0          0         68   memcpya.o
        36          0          0          0          0        108   memseta.o
      2258         90          0          0          0        452   printfa.o
         0          0          0          4          0          0   stdout.o
        44          0          0          0          0         80   uidiv.o
        98          0          0          0          0         92   uldiv.o
        48          0          0          0          0         68   cdcmple.o
        48          0          0          0          0         68   cdrcmple.o
       334          0          0          0          0        148   dadd.o
       222          0          0          0          0        100   ddiv.o
       186          0          0          0          0        176   depilogue.o
        50          0          0          0          0         76   dfixui.o
        48          0          0          0          0         68   dfixul.o
       228          0          0          0          0         96   dmul.o
        38          0          0          0          0         68   f2d.o
       124          0          0          0          0         88   fdiv.o
       110          0          0          0          0        168   fepilogue.o
        10          0          0          0          0         68   ffltui.o

    ----------------------------------------------------------------------
      4192        106          0          4          0       2264   Library Totals
         4          0          0          0          0          0   (incl. Padding)

    ----------------------------------------------------------------------

      Code (inc. data)   RO Data    RW Data    ZI Data      Debug   Library Name

      2742        106          0          4          0       1072   mc_w.l
      1446          0          0          0          0       1192   mf_w.l

    ----------------------------------------------------------------------
      4192        106          0          4          0       2264   Library Totals

    ----------------------------------------------------------------------

==============================================================================


      Code (inc. data)   RO Data    RW Data    ZI Data      Debug   

     13856        704       1848        788       1476     554159   Grand Totals
     13856        704       1848        224       1476     554159   ELF Image Totals (compressed)
     13856        704       1848        224          0          0   ROM Totals

==============================================================================

    Total RO  Size (Code + RO Data)                15704 (  15.34kB)
    Total RW  Size (RW Data + ZI Data)              2264 (   2.21kB)
    Total ROM Size (Code + RO Data + RW Data)      15928 (  15.55kB)

==============================================================================

